Archive member included because of file (symbol)

c:/program files (x86)/atollic/truestudio for arm pro 3.3.0/armtools/bin/../lib/gcc/arm-atollic-eabi/4.6.2/../../../../arm-atollic-eabi/lib/thumb/armv7-m\libc.a(lib_a-init.o)
                              BSP\cstartup.o (__libc_init_array)
c:/program files (x86)/atollic/truestudio for arm pro 3.3.0/armtools/bin/../lib/gcc/arm-atollic-eabi/4.6.2/../../../../arm-atollic-eabi/lib/thumb/armv7-m\libc.a(lib_a-vsnprintf.o)
                              BSP\bsp_ser.o (vsnprintf)
c:/program files (x86)/atollic/truestudio for arm pro 3.3.0/armtools/bin/../lib/gcc/arm-atollic-eabi/4.6.2/../../../../arm-atollic-eabi/lib/thumb/armv7-m\libc.a(lib_a-impure.o)
                              c:/program files (x86)/atollic/truestudio for arm pro 3.3.0/armtools/bin/../lib/gcc/arm-atollic-eabi/4.6.2/../../../../arm-atollic-eabi/lib/thumb/armv7-m\libc.a(lib_a-vsnprintf.o) (_impure_ptr)
c:/program files (x86)/atollic/truestudio for arm pro 3.3.0/armtools/bin/../lib/gcc/arm-atollic-eabi/4.6.2/../../../../arm-atollic-eabi/lib/thumb/armv7-m\libc.a(lib_a-svfprintf.o)
                              c:/program files (x86)/atollic/truestudio for arm pro 3.3.0/armtools/bin/../lib/gcc/arm-atollic-eabi/4.6.2/../../../../arm-atollic-eabi/lib/thumb/armv7-m\libc.a(lib_a-vsnprintf.o) (_svfprintf_r)
c:/program files (x86)/atollic/truestudio for arm pro 3.3.0/armtools/bin/../lib/gcc/arm-atollic-eabi/4.6.2/../../../../arm-atollic-eabi/lib/thumb/armv7-m\libc.a(lib_a-dtoa.o)
                              c:/program files (x86)/atollic/truestudio for arm pro 3.3.0/armtools/bin/../lib/gcc/arm-atollic-eabi/4.6.2/../../../../arm-atollic-eabi/lib/thumb/armv7-m\libc.a(lib_a-svfprintf.o) (_dtoa_r)
c:/program files (x86)/atollic/truestudio for arm pro 3.3.0/armtools/bin/../lib/gcc/arm-atollic-eabi/4.6.2/../../../../arm-atollic-eabi/lib/thumb/armv7-m\libc.a(lib_a-locale.o)
                              c:/program files (x86)/atollic/truestudio for arm pro 3.3.0/armtools/bin/../lib/gcc/arm-atollic-eabi/4.6.2/../../../../arm-atollic-eabi/lib/thumb/armv7-m\libc.a(lib_a-svfprintf.o) (_localeconv_r)
c:/program files (x86)/atollic/truestudio for arm pro 3.3.0/armtools/bin/../lib/gcc/arm-atollic-eabi/4.6.2/../../../../arm-atollic-eabi/lib/thumb/armv7-m\libc.a(lib_a-malloc.o)
                              c:/program files (x86)/atollic/truestudio for arm pro 3.3.0/armtools/bin/../lib/gcc/arm-atollic-eabi/4.6.2/../../../../arm-atollic-eabi/lib/thumb/armv7-m\libc.a(lib_a-dtoa.o) (malloc)
c:/program files (x86)/atollic/truestudio for arm pro 3.3.0/armtools/bin/../lib/gcc/arm-atollic-eabi/4.6.2/../../../../arm-atollic-eabi/lib/thumb/armv7-m\libc.a(lib_a-mallocr.o)
                              c:/program files (x86)/atollic/truestudio for arm pro 3.3.0/armtools/bin/../lib/gcc/arm-atollic-eabi/4.6.2/../../../../arm-atollic-eabi/lib/thumb/armv7-m\libc.a(lib_a-svfprintf.o) (_malloc_r)
c:/program files (x86)/atollic/truestudio for arm pro 3.3.0/armtools/bin/../lib/gcc/arm-atollic-eabi/4.6.2/../../../../arm-atollic-eabi/lib/thumb/armv7-m\libc.a(lib_a-memchr.o)
                              c:/program files (x86)/atollic/truestudio for arm pro 3.3.0/armtools/bin/../lib/gcc/arm-atollic-eabi/4.6.2/../../../../arm-atollic-eabi/lib/thumb/armv7-m\libc.a(lib_a-svfprintf.o) (memchr)
c:/program files (x86)/atollic/truestudio for arm pro 3.3.0/armtools/bin/../lib/gcc/arm-atollic-eabi/4.6.2/../../../../arm-atollic-eabi/lib/thumb/armv7-m\libc.a(lib_a-memcpy.o)
                              c:/program files (x86)/atollic/truestudio for arm pro 3.3.0/armtools/bin/../lib/gcc/arm-atollic-eabi/4.6.2/../../../../arm-atollic-eabi/lib/thumb/armv7-m\libc.a(lib_a-dtoa.o) (memcpy)
c:/program files (x86)/atollic/truestudio for arm pro 3.3.0/armtools/bin/../lib/gcc/arm-atollic-eabi/4.6.2/../../../../arm-atollic-eabi/lib/thumb/armv7-m\libc.a(lib_a-mlock.o)
                              c:/program files (x86)/atollic/truestudio for arm pro 3.3.0/armtools/bin/../lib/gcc/arm-atollic-eabi/4.6.2/../../../../arm-atollic-eabi/lib/thumb/armv7-m\libc.a(lib_a-mallocr.o) (__malloc_lock)
c:/program files (x86)/atollic/truestudio for arm pro 3.3.0/armtools/bin/../lib/gcc/arm-atollic-eabi/4.6.2/../../../../arm-atollic-eabi/lib/thumb/armv7-m\libc.a(lib_a-mprec.o)
                              c:/program files (x86)/atollic/truestudio for arm pro 3.3.0/armtools/bin/../lib/gcc/arm-atollic-eabi/4.6.2/../../../../arm-atollic-eabi/lib/thumb/armv7-m\libc.a(lib_a-dtoa.o) (_Balloc)
c:/program files (x86)/atollic/truestudio for arm pro 3.3.0/armtools/bin/../lib/gcc/arm-atollic-eabi/4.6.2/../../../../arm-atollic-eabi/lib/thumb/armv7-m\libc.a(lib_a-s_fpclassify.o)
                              c:/program files (x86)/atollic/truestudio for arm pro 3.3.0/armtools/bin/../lib/gcc/arm-atollic-eabi/4.6.2/../../../../arm-atollic-eabi/lib/thumb/armv7-m\libc.a(lib_a-svfprintf.o) (__fpclassifyd)
[...]
Memory Configuration

Name             Origin             Length             Attributes
FLASH            0x08000000         0x00040000         xr
RAM              0x20000000         0x00010000         xrw
MEMORY_B1        0x60000000         0x00000000         xr
*default*        0x00000000         0xffffffff

Linker script and memory map

LOAD c:/program files (x86)/atollic/truestudio for arm pro 3.3.0/armtools/bin/../lib/gcc/arm-atollic-eabi/4.6.2/thumb/armv7-m/crti.o
LOAD c:/program files (x86)/atollic/truestudio for arm pro 3.3.0/armtools/bin/../lib/gcc/arm-atollic-eabi/4.6.2/thumb/armv7-m/crtbegin.o
LOAD uCOS-II\Source\os_tmr.o
LOAD uCOS-II\Source\os_time.o
LOAD uCOS-II\Source\os_task.o
LOAD uCOS-II\Source\os_sem.o
LOAD uCOS-II\Source\os_q.o
LOAD uCOS-II\Source\os_mutex.o
LOAD uCOS-II\Source\os_mem.o
LOAD uCOS-II\Source\os_mbox.o
LOAD uCOS-II\Source\os_flag.o
LOAD uCOS-II\Source\os_core.o
LOAD uCOS-II\Ports\ARM-Cortex-M3\Generic\GNU\os_dbg.o
LOAD uCOS-II\Ports\ARM-Cortex-M3\Generic\GNU\os_cpu_c.o
LOAD uCOS-II\Ports\ARM-Cortex-M3\Generic\GNU\os_cpu_a.o
LOAD uC-LIB\lib_str.o
LOAD uC-LIB\lib_mem.o
LOAD uC-LIB\lib_math.o
LOAD uC-LIB\lib_ascii.o
LOAD uC-LIB\Ports\ARM-Cortex-M3\GNU\lib_mem_a.o
LOAD uC-CPU\cpu_core.o
LOAD uC-CPU\ARM-Cortex-M3\GNU\cpu_c.o
LOAD uC-CPU\ARM-Cortex-M3\GNU\cpu_a.o
LOAD BSP\cstartup.o
LOAD BSP\bsp_stlm75.o
LOAD BSP\bsp_ser.o
LOAD BSP\bsp_periph.o
LOAD BSP\bsp_int.o
LOAD BSP\bsp_i2c.o
LOAD BSP\bsp.o
LOAD BSP\ST\STM32\src\stm32f10x_wwdg.o
LOAD BSP\ST\STM32\src\stm32f10x_usart.o
LOAD BSP\ST\STM32\src\stm32f10x_tim.o
LOAD BSP\ST\STM32\src\stm32f10x_systick.o
LOAD BSP\ST\STM32\src\stm32f10x_spi.o
LOAD BSP\ST\STM32\src\stm32f10x_sdio.o
LOAD BSP\ST\STM32\src\stm32f10x_rtc.o
LOAD BSP\ST\STM32\src\stm32f10x_rcc.o
LOAD BSP\ST\STM32\src\stm32f10x_pwr.o
LOAD BSP\ST\STM32\src\stm32f10x_nvic.o
LOAD BSP\ST\STM32\src\stm32f10x_lib.o
LOAD BSP\ST\STM32\src\stm32f10x_iwdg.o
LOAD BSP\ST\STM32\src\stm32f10x_i2c.o
LOAD BSP\ST\STM32\src\stm32f10x_gpio.o
LOAD BSP\ST\STM32\src\stm32f10x_fsmc.o
LOAD BSP\ST\STM32\src\stm32f10x_flash.o
LOAD BSP\ST\STM32\src\stm32f10x_exti.o
LOAD BSP\ST\STM32\src\stm32f10x_dma.o
LOAD BSP\ST\STM32\src\stm32f10x_dbgmcu.o
LOAD BSP\ST\STM32\src\stm32f10x_dac.o
LOAD BSP\ST\STM32\src\stm32f10x_crc.o
LOAD BSP\ST\STM32\src\stm32f10x_can.o
LOAD BSP\ST\STM32\src\stm32f10x_bkp.o
LOAD BSP\ST\STM32\src\stm32f10x_adc.o
LOAD BSP\OS\bsp_os.o
LOAD APP\app_hooks.o
LOAD APP\app.o
                0x00001000                malloc_getpagesize_P = 0x1000
START GROUP
LOAD c:/program files (x86)/atollic/truestudio for arm pro 3.3.0/armtools/bin/../lib/gcc/arm-atollic-eabi/4.6.2/thumb/armv7-m\libgcc.a
LOAD c:/program files (x86)/atollic/truestudio for arm pro 3.3.0/armtools/bin/../lib/gcc/arm-atollic-eabi/4.6.2/../../../../arm-atollic-eabi/lib/thumb/armv7-m\libc.a
END GROUP
LOAD c:/program files (x86)/atollic/truestudio for arm pro 3.3.0/armtools/bin/../lib/gcc/arm-atollic-eabi/4.6.2/thumb/armv7-m/crtend.o
LOAD c:/program files (x86)/atollic/truestudio for arm pro 3.3.0/armtools/bin/../lib/gcc/arm-atollic-eabi/4.6.2/thumb/armv7-m/crtn.o
                0x20010000                _estack = 0x20010000
                0x00000000                _Min_Heap_Size = 0x0
                0x00000200                _Min_Stack_Size = 0x200

.isr_vector     0x08000000      0x150
                0x08000000                . = ALIGN (0x4)
 *(.isr_vector)
 .isr_vector    0x08000000      0x150 BSP\cstartup.o
                0x08000000                g_pfnVectors
                0x08000150                . = ALIGN (0x4)

.text           0x08000150     0x9ea8
                0x08000150                . = ALIGN (0x4)
 *(.text)
 .text          0x08000150       0x54 c:/program files (x86)/atollic/truestudio for arm pro 3.3.0/armtools/bin/../lib/gcc/arm-atollic-eabi/4.6.2/thumb/armv7-m/crtbegin.o
 .text          0x080001a4       0xb0 uCOS-II\Ports\ARM-Cortex-M3\Generic\GNU\os_cpu_a.o
                0x080001a4                OS_CPU_SR_Save
                0x080001ac                OS_CPU_SR_Restore
                0x080001b2                OSStartHighRdy
                0x080001d6                OSCtxSw
                0x080001de                OSIntCtxSw
                0x080001e6                OS_CPU_PendSVHandler
 .text          0x08000254       0x34 uC-CPU\ARM-Cortex-M3\GNU\cpu_a.o
                0x08000254                CPU_IntDis
                0x08000258                CPU_IntEn
                0x0800025c                CPU_SR_Save
                0x08000264                CPU_SR_Restore
                0x0800026a                CPU_WaitForInt
                0x0800026e                CPU_WaitForExcept
                0x08000272                CPU_CntLeadZeros
                0x08000278                CPU_CntTrailZeros
                0x08000282                CPU_RevBits
 .text          0x08000288      0x370 c:/program files (x86)/atollic/truestudio for arm pro 3.3.0/armtools/bin/../lib/gcc/arm-atollic-eabi/4.6.2/thumb/armv7-m\libgcc.a(_arm_addsubdf3.o)
                0x08000288                __aeabi_drsub
                0x08000290                __aeabi_dsub
                0x08000290                __subdf3
                0x08000294                __aeabi_dadd
                0x08000294                __adddf3
                0x0800050c                __floatunsidf
                0x0800050c                __aeabi_ui2d
                0x0800052c                __floatsidf
                0x0800052c                __aeabi_i2d
                0x08000550                __aeabi_f2d
                0x08000550                __extendsfdf2
                0x0800058c                __floatundidf
                0x0800058c                __aeabi_ul2d
                0x0800059c                __floatdidf
                0x0800059c                __aeabi_l2d
 .text          0x080005f8      0x424 c:/program files (x86)/atollic/truestudio for arm pro 3.3.0/armtools/bin/../lib/gcc/arm-atollic-eabi/4.6.2/thumb/armv7-m\libgcc.a(_arm_muldivdf3.o)
                0x080005f8                __aeabi_dmul
                0x080005f8                __muldf3
                0x0800084c                __divdf3
                0x0800084c                __aeabi_ddiv
 .text          0x08000a1c      0x110 c:/program files (x86)/atollic/truestudio for arm pro 3.3.0/armtools/bin/../lib/gcc/arm-atollic-eabi/4.6.2/thumb/armv7-m\libgcc.a(_arm_cmpdf2.o)
                0x08000a1c                __gtdf2
                0x08000a1c                __gedf2
                0x08000a24                __ltdf2
                0x08000a24                __ledf2
                0x08000a2c                __nedf2
                0x08000a2c                __eqdf2
                0x08000a2c                __cmpdf2
                0x08000aa8                __aeabi_cdrcmple
                0x08000ab8                __aeabi_cdcmpeq
                0x08000ab8                __aeabi_cdcmple
                0x08000ac8                __aeabi_dcmpeq
                0x08000adc                __aeabi_dcmplt
                0x08000af0                __aeabi_dcmple
                0x08000b04                __aeabi_dcmpge
                0x08000b18                __aeabi_dcmpgt
 .text          0x08000b2c       0x50 c:/program files (x86)/atollic/truestudio for arm pro 3.3.0/armtools/bin/../lib/gcc/arm-atollic-eabi/4.6.2/thumb/armv7-m\libgcc.a(_arm_fixdfsi.o)
                0x08000b2c                __aeabi_d2iz
                0x08000b2c                __fixdfsi
 .text          0x08000b7c       0x2c c:/program files (x86)/atollic/truestudio for arm pro 3.3.0/armtools/bin/../lib/gcc/arm-atollic-eabi/4.6.2/thumb/armv7-m\libgcc.a(_aeabi_uldivmod.o)
                0x08000b7c                __aeabi_uldivmod
 .text          0x08000ba8       0x5c c:/program files (x86)/atollic/truestudio for arm pro 3.3.0/armtools/bin/../lib/gcc/arm-atollic-eabi/4.6.2/thumb/armv7-m\libgcc.a(bpabi.o)
                0x08000ba8                __gnu_ldivmod_helper
                0x08000bd8                __gnu_uldivmod_helper
 .text          0x08000c04      0xb4c c:/program files (x86)/atollic/truestudio for arm pro 3.3.0/armtools/bin/../lib/gcc/arm-atollic-eabi/4.6.2/thumb/armv7-m\libgcc.a(unwind-arm.o)
                0x08000eac                _Unwind_VRS_Get
                0x08000eec                _Unwind_VRS_Set
                0x08001244                __aeabi_unwind_cpp_pr2
                0x08001248                __aeabi_unwind_cpp_pr1
                0x0800124c                __aeabi_unwind_cpp_pr0
                0x08001250                _Unwind_VRS_Pop
                0x08001604                _Unwind_GetCFA
                0x08001608                __gnu_Unwind_RaiseException
                0x08001668                __gnu_Unwind_ForcedUnwind
                0x0800167c                __gnu_Unwind_Resume
                0x080016b8                __gnu_Unwind_Resume_or_Rethrow
                0x080016c8                _Unwind_Complete
                0x080016cc                _Unwind_DeleteException
                0x080016dc                __gnu_Unwind_Backtrace
 .text          0x08001750      0x1ac c:/program files (x86)/atollic/truestudio for arm pro 3.3.0/armtools/bin/../lib/gcc/arm-atollic-eabi/4.6.2/thumb/armv7-m\libgcc.a(libunwind.o)
                0x08001750                __restore_core_regs
                0x08001750                restore_core_regs
                0x08001768                __gnu_Unwind_Restore_VFP
                0x08001770                __gnu_Unwind_Save_VFP
                0x08001778                __gnu_Unwind_Restore_VFP_D
                0x08001780                __gnu_Unwind_Save_VFP_D
                0x08001788                __gnu_Unwind_Restore_VFP_D_16_to_31
                0x08001790                __gnu_Unwind_Save_VFP_D_16_to_31
                0x08001798                __gnu_Unwind_Restore_WMMXD
                0x080017dc                __gnu_Unwind_Save_WMMXD
                0x08001820                __gnu_Unwind_Restore_WMMXC
                0x08001834                __gnu_Unwind_Save_WMMXC
                0x08001848                ___Unwind_RaiseException
                0x08001848                _Unwind_RaiseException
                0x0800186c                _Unwind_Resume
                0x0800186c                ___Unwind_Resume
                0x08001890                _Unwind_Resume_or_Rethrow
                0x08001890                ___Unwind_Resume_or_Rethrow
                0x080018b4                _Unwind_ForcedUnwind
                0x080018b4                ___Unwind_ForcedUnwind
                0x080018d8                ___Unwind_Backtrace
                0x080018d8                _Unwind_Backtrace
 .text          0x080018fc      0x374 c:/program files (x86)/atollic/truestudio for arm pro 3.3.0/armtools/bin/../lib/gcc/arm-atollic-eabi/4.6.2/thumb/armv7-m\libgcc.a(pr-support.o)
                0x08001950                __gnu_unwind_execute
                0x08001c18                __gnu_unwind_frame
                0x08001c40                _Unwind_GetRegionStart
                0x08001c4c                _Unwind_GetLanguageSpecificData
                0x08001c60                _Unwind_GetDataRelBase
                0x08001c68                _Unwind_GetTextRelBase
 .text          0x08001c70        0x4 c:/program files (x86)/atollic/truestudio for arm pro 3.3.0/armtools/bin/../lib/gcc/arm-atollic-eabi/4.6.2/thumb/armv7-m\libgcc.a(_dvmd_tls.o)
                0x08001c70                __aeabi_idiv0
                0x08001c70                __aeabi_ldiv0
 .text          0x08001c74      0x2c0 c:/program files (x86)/atollic/truestudio for arm pro 3.3.0/armtools/bin/../lib/gcc/arm-atollic-eabi/4.6.2/thumb/armv7-m\libgcc.a(_divdi3.o)
                0x08001c74                __divdi3
 .text          0x08001f34      0x28c c:/program files (x86)/atollic/truestudio for arm pro 3.3.0/armtools/bin/../lib/gcc/arm-atollic-eabi/4.6.2/thumb/armv7-m\libgcc.a(_udivdi3.o)
                0x08001f34                __udivdi3
 *(.text*)
 .text.OSTmrSignal
                0x080021c0       0x28 uCOS-II\Source\os_tmr.o
                0x080021c0                OSTmrSignal
 .text.OSTmr_Init
                0x080021e8      0x190 uCOS-II\Source\os_tmr.o
                0x080021e8                OSTmr_Init
 .text.OSTmr_InitTask
                0x08002378       0x60 uCOS-II\Source\os_tmr.o
 .text.OSTmr_Link
                0x080023d8       0xdc uCOS-II\Source\os_tmr.o
 .text.OSTmr_Unlink
                0x080024b4       0x9c uCOS-II\Source\os_tmr.o
 .text.OSTmr_Task
                0x08002550       0xd0 uCOS-II\Source\os_tmr.o
 .text.OSTimeDly
                0x08002620       0xdc uCOS-II\Source\os_time.o
                0x08002620                OSTimeDly
 .text.OSTimeDlyHMSM
                0x080026fc       0x90 uCOS-II\Source\os_time.o
                0x080026fc                OSTimeDlyHMSM
 .text.OSTaskCreateExt
                0x0800278c       0xec uCOS-II\Source\os_task.o
                0x0800278c                OSTaskCreateExt
 .text.OSTaskDel
                0x08002878      0x25c uCOS-II\Source\os_task.o
                0x08002878                OSTaskDel
 .text.OSTaskNameSet
                0x08002ad4       0xa4 uCOS-II\Source\os_task.o
                0x08002ad4                OSTaskNameSet
 .text.OSTaskStkChk
                0x08002b78       0xe8 uCOS-II\Source\os_task.o
                0x08002b78                OSTaskStkChk
 .text.OSTaskSuspend
                0x08002c60      0x120 uCOS-II\Source\os_task.o
                0x08002c60                OSTaskSuspend
 .text.OS_TaskReturn
                0x08002d80       0x20 uCOS-II\Source\os_task.o
                0x08002d80                OS_TaskReturn
 .text.OS_TaskStkClr
                0x08002da0       0x50 uCOS-II\Source\os_task.o
                0x08002da0                OS_TaskStkClr
 .text.OSSemCreate
                0x08002df0       0x9c uCOS-II\Source\os_sem.o
                0x08002df0                OSSemCreate
 .text.OSSemPend
                0x08002e8c      0x178 uCOS-II\Source\os_sem.o
                0x08002e8c                OSSemPend
 .text.OSSemPost
                0x08003004       0x88 uCOS-II\Source\os_sem.o
                0x08003004                OSSemPost
 .text.OS_QInit
                0x0800308c       0xb0 uCOS-II\Source\os_q.o
                0x0800308c                OS_QInit
 .text.OS_MemInit
                0x0800313c       0xc0 uCOS-II\Source\os_mem.o
                0x0800313c                OS_MemInit
 .text.OS_FlagInit
                0x080031fc       0xbc uCOS-II\Source\os_flag.o
                0x080031fc                OS_FlagInit
 .text.OS_FlagUnlink
                0x080032b8       0x60 uCOS-II\Source\os_flag.o
                0x080032b8                OS_FlagUnlink
 .text.OSEventNameSet
                0x08003318       0x68 uCOS-II\Source\os_core.o
                0x08003318                OSEventNameSet
 .text.OSInit   0x08003380       0x3c uCOS-II\Source\os_core.o
                0x08003380                OSInit
 .text.OSIntEnter
                0x080033bc       0x40 uCOS-II\Source\os_core.o
                0x080033bc                OSIntEnter
 .text.OSIntExit
                0x080033fc       0xe0 uCOS-II\Source\os_core.o
                0x080033fc                OSIntExit
 .text.OSSchedLock
                0x080034dc       0x68 uCOS-II\Source\os_core.o
                0x080034dc                OSSchedLock
 .text.OSSchedUnlock
                0x08003544       0x90 uCOS-II\Source\os_core.o
                0x08003544                OSSchedUnlock
 .text.OSStart  0x080035d4       0x68 uCOS-II\Source\os_core.o
                0x080035d4                OSStart
 .text.OSStatInit
                0x0800363c       0x70 uCOS-II\Source\os_core.o
                0x0800363c                OSStatInit
 .text.OSTimeTick
                0x080036ac      0x184 uCOS-II\Source\os_core.o
                0x080036ac                OSTimeTick
 .text.OS_Dummy
                0x08003830        0xc uCOS-II\Source\os_core.o
                0x08003830                OS_Dummy
 .text.OS_EventTaskRdy
                0x0800383c      0x100 uCOS-II\Source\os_core.o
                0x0800383c                OS_EventTaskRdy
 .text.OS_EventTaskWait
                0x0800393c       0xf4 uCOS-II\Source\os_core.o
                0x0800393c                OS_EventTaskWait
 .text.OS_EventTaskRemove
                0x08003a30       0x60 uCOS-II\Source\os_core.o
                0x08003a30                OS_EventTaskRemove
 .text.OS_EventTaskRemoveMulti
                0x08003a90       0x88 uCOS-II\Source\os_core.o
                0x08003a90                OS_EventTaskRemoveMulti
 .text.OS_EventWaitListInit
                0x08003b18       0x3c uCOS-II\Source\os_core.o
                0x08003b18                OS_EventWaitListInit
 .text.OS_InitEventList
                0x08003b54       0xd8 uCOS-II\Source\os_core.o
 .text.OS_InitMisc
                0x08003c2c       0xa4 uCOS-II\Source\os_core.o
 .text.OS_InitRdyList
                0x08003cd0       0x7c uCOS-II\Source\os_core.o
 .text.OS_InitTaskIdle
                0x08003d4c       0x60 uCOS-II\Source\os_core.o
 .text.OS_InitTaskStat
                0x08003dac       0x60 uCOS-II\Source\os_core.o
 .text.OS_InitTCBList
                0x08003e0c       0xd4 uCOS-II\Source\os_core.o
 .text.OS_MemClr
                0x08003ee0       0x38 uCOS-II\Source\os_core.o
                0x08003ee0                OS_MemClr
 .text.OS_Sched
                0x08003f18       0xac uCOS-II\Source\os_core.o
                0x08003f18                OS_Sched
 .text.OS_SchedNew
                0x08003fc4       0x58 uCOS-II\Source\os_core.o
 .text.OS_TaskIdle
                0x0800401c       0x3c uCOS-II\Source\os_core.o
                0x0800401c                OS_TaskIdle
 .text.OS_TaskStat
                0x08004058      0x104 uCOS-II\Source\os_core.o
                0x08004058                OS_TaskStat
 .text.OS_TaskStatStkChk
                0x0800415c       0x70 uCOS-II\Source\os_core.o
                0x0800415c                OS_TaskStatStkChk
 .text.OS_TCBInit
                0x080041cc      0x254 uCOS-II\Source\os_core.o
                0x080041cc                OS_TCBInit
 .text.OSDebugInit
                0x08004420      0x24c uCOS-II\Ports\ARM-Cortex-M3\Generic\GNU\os_dbg.o
                0x08004420                OSDebugInit
 .text.OSInitHookBegin
                0x0800466c       0x60 uCOS-II\Ports\ARM-Cortex-M3\Generic\GNU\os_cpu_c.o
                0x0800466c                OSInitHookBegin
 .text.OSInitHookEnd
                0x080046cc        0xc uCOS-II\Ports\ARM-Cortex-M3\Generic\GNU\os_cpu_c.o
                0x080046cc                OSInitHookEnd
 .text.OSTaskCreateHook
                0x080046d8       0x18 uCOS-II\Ports\ARM-Cortex-M3\Generic\GNU\os_cpu_c.o
                0x080046d8                OSTaskCreateHook
 .text.OSTaskDelHook
                0x080046f0       0x18 uCOS-II\Ports\ARM-Cortex-M3\Generic\GNU\os_cpu_c.o
                0x080046f0                OSTaskDelHook
 .text.OSTaskIdleHook
                0x08004708        0xc uCOS-II\Ports\ARM-Cortex-M3\Generic\GNU\os_cpu_c.o
                0x08004708                OSTaskIdleHook
 .text.OSTaskReturnHook
                0x08004714       0x18 uCOS-II\Ports\ARM-Cortex-M3\Generic\GNU\os_cpu_c.o
                0x08004714                OSTaskReturnHook
 .text.OSTaskStatHook
                0x0800472c        0xc uCOS-II\Ports\ARM-Cortex-M3\Generic\GNU\os_cpu_c.o
                0x0800472c                OSTaskStatHook
 .text.OSTaskStkInit
                0x08004738      0x118 uCOS-II\Ports\ARM-Cortex-M3\Generic\GNU\os_cpu_c.o
                0x08004738                OSTaskStkInit
 .text.OSTaskSwHook
                0x08004850        0xc uCOS-II\Ports\ARM-Cortex-M3\Generic\GNU\os_cpu_c.o
                0x08004850                OSTaskSwHook
 .text.OSTCBInitHook
                0x0800485c       0x18 uCOS-II\Ports\ARM-Cortex-M3\Generic\GNU\os_cpu_c.o
                0x0800485c                OSTCBInitHook
 .text.OSTimeTickHook
                0x08004874       0x44 uCOS-II\Ports\ARM-Cortex-M3\Generic\GNU\os_cpu_c.o
                0x08004874                OSTimeTickHook
 .text.OS_CPU_SysTickHandler
                0x080048b8       0x40 uCOS-II\Ports\ARM-Cortex-M3\Generic\GNU\os_cpu_c.o
                0x080048b8                OS_CPU_SysTickHandler
 .text.OS_CPU_SysTickInit
                0x080048f8       0x60 uCOS-II\Ports\ARM-Cortex-M3\Generic\GNU\os_cpu_c.o
                0x080048f8                OS_CPU_SysTickInit
 .text.Mem_Init
                0x08004958       0xbc uC-LIB\lib_mem.o
                0x08004958                Mem_Init
 .text.Mem_Clr  0x08004a14       0x20 uC-LIB\lib_mem.o
                0x08004a14                Mem_Clr
 .text.Mem_Set  0x08004a34       0xe4 uC-LIB\lib_mem.o
                0x08004a34                Mem_Set
 .text.CPU_Init
                0x08004b18        0xc uC-CPU\cpu_core.o
                0x08004b18                CPU_Init
 .text.CPU_NameClr
                0x08004b24       0x34 uC-CPU\cpu_core.o
                0x08004b24                CPU_NameClr
 .text.CPU_NameInit
                0x08004b58        0xc uC-CPU\cpu_core.o
 .text.CPU_IntSrcEn
                0x08004b64      0x198 uC-CPU\ARM-Cortex-M3\GNU\cpu_c.o
                0x08004b64                CPU_IntSrcEn
 .text.Reset_Handler
                0x08004cfc       0x44 BSP\cstartup.o
                0x08004cfc                Reset_Handler
 .text.App_NMI_ISR
                0x08004d40        0x2 BSP\cstartup.o
 .text.App_Fault_ISR
                0x08004d42        0x2 BSP\cstartup.o
 .text.App_MemFault_ISR
                0x08004d44        0x2 BSP\cstartup.o
 .text.App_BusFault_ISR
                0x08004d46        0x2 BSP\cstartup.o
 .text.App_UsageFault_ISR
                0x08004d48        0x2 BSP\cstartup.o
 .text.App_Spurious_ISR
                0x08004d4a        0x2 BSP\cstartup.o
 .text.App_Reserved_ISR
                0x08004d4c        0x2 BSP\cstartup.o
 *fill*         0x08004d4e        0x2 00
 .text.BSP_Ser_Init
                0x08004d50      0x1d0 BSP\bsp_ser.o
                0x08004d50                BSP_Ser_Init
 .text.BSP_Ser_ISR_Handler
                0x08004f20       0xa8 BSP\bsp_ser.o
 .text.BSP_Ser_Printf
                0x08004fc8       0x38 BSP\bsp_ser.o
                0x08004fc8                BSP_Ser_Printf
 .text.BSP_Ser_WrByteUnlocked
                0x08005000       0x5c BSP\bsp_ser.o
 .text.BSP_Ser_WrStr
                0x0800505c       0x84 BSP\bsp_ser.o
                0x0800505c                BSP_Ser_WrStr
 .text.BSP_PeriphEn
                0x080050e0      0x208 BSP\bsp_periph.o
                0x080050e0                BSP_PeriphEn
 .text.BSP_IntDisAll
                0x080052e8        0xc BSP\bsp_int.o
                0x080052e8                BSP_IntDisAll
 .text.BSP_IntEn
                0x080052f4       0x28 BSP\bsp_int.o
                0x080052f4                BSP_IntEn
 .text.BSP_IntVectSet
                0x0800531c       0x3c BSP\bsp_int.o
                0x0800531c                BSP_IntVectSet
 .text.BSP_IntInit
                0x08005358       0x34 BSP\bsp_int.o
                0x08005358                BSP_IntInit
 .text.BSP_IntHandlerWWDG
                0x0800538c       0x10 BSP\bsp_int.o
                0x0800538c                BSP_IntHandlerWWDG
 .text.BSP_IntHandlerPVD
                0x0800539c       0x10 BSP\bsp_int.o
                0x0800539c                BSP_IntHandlerPVD
 .text.BSP_IntHandlerTAMPER
                0x080053ac       0x10 BSP\bsp_int.o
                0x080053ac                BSP_IntHandlerTAMPER
 .text.BSP_IntHandlerRTC
                0x080053bc       0x10 BSP\bsp_int.o
                0x080053bc                BSP_IntHandlerRTC
 .text.BSP_IntHandlerFLASH
                0x080053cc       0x10 BSP\bsp_int.o
                0x080053cc                BSP_IntHandlerFLASH
 .text.BSP_IntHandlerRCC
                0x080053dc       0x10 BSP\bsp_int.o
                0x080053dc                BSP_IntHandlerRCC
 .text.BSP_IntHandlerEXTI0
                0x080053ec       0x10 BSP\bsp_int.o
                0x080053ec                BSP_IntHandlerEXTI0
 .text.BSP_IntHandlerEXTI1
                0x080053fc       0x10 BSP\bsp_int.o
                0x080053fc                BSP_IntHandlerEXTI1
 .text.BSP_IntHandlerEXTI2
                0x0800540c       0x10 BSP\bsp_int.o
                0x0800540c                BSP_IntHandlerEXTI2
 .text.BSP_IntHandlerEXTI3
                0x0800541c       0x10 BSP\bsp_int.o
                0x0800541c                BSP_IntHandlerEXTI3
 .text.BSP_IntHandlerEXTI4
                0x0800542c       0x10 BSP\bsp_int.o
                0x0800542c                BSP_IntHandlerEXTI4
 .text.BSP_IntHandlerDMA1_CH1
                0x0800543c       0x10 BSP\bsp_int.o
                0x0800543c                BSP_IntHandlerDMA1_CH1
 .text.BSP_IntHandlerDMA1_CH2
                0x0800544c       0x10 BSP\bsp_int.o
                0x0800544c                BSP_IntHandlerDMA1_CH2
 .text.BSP_IntHandlerDMA1_CH3
                0x0800545c       0x10 BSP\bsp_int.o
                0x0800545c                BSP_IntHandlerDMA1_CH3
 .text.BSP_IntHandlerDMA1_CH4
                0x0800546c       0x10 BSP\bsp_int.o
                0x0800546c                BSP_IntHandlerDMA1_CH4
 .text.BSP_IntHandlerDMA1_CH5
                0x0800547c       0x10 BSP\bsp_int.o
                0x0800547c                BSP_IntHandlerDMA1_CH5
 .text.BSP_IntHandlerDMA1_CH6
                0x0800548c       0x10 BSP\bsp_int.o
                0x0800548c                BSP_IntHandlerDMA1_CH6
 .text.BSP_IntHandlerDMA1_CH7
                0x0800549c       0x10 BSP\bsp_int.o
                0x0800549c                BSP_IntHandlerDMA1_CH7
 .text.BSP_IntHandlerADC1_2
                0x080054ac       0x10 BSP\bsp_int.o
                0x080054ac                BSP_IntHandlerADC1_2
 .text.BSP_IntHandlerCAN1_TX
                0x080054bc       0x10 BSP\bsp_int.o
                0x080054bc                BSP_IntHandlerCAN1_TX
 .text.BSP_IntHandlerCAN1_RX0
                0x080054cc       0x10 BSP\bsp_int.o
                0x080054cc                BSP_IntHandlerCAN1_RX0
 .text.BSP_IntHandlerCAN1_RX1
                0x080054dc       0x10 BSP\bsp_int.o
                0x080054dc                BSP_IntHandlerCAN1_RX1
 .text.BSP_IntHandlerCAN1_SCE
                0x080054ec       0x10 BSP\bsp_int.o
                0x080054ec                BSP_IntHandlerCAN1_SCE
 .text.BSP_IntHandlerEXTI9_5
                0x080054fc       0x10 BSP\bsp_int.o
                0x080054fc                BSP_IntHandlerEXTI9_5
 .text.BSP_IntHandlerTIM1_BRK
                0x0800550c       0x10 BSP\bsp_int.o
                0x0800550c                BSP_IntHandlerTIM1_BRK
 .text.BSP_IntHandlerTIM1_UP
                0x0800551c       0x10 BSP\bsp_int.o
                0x0800551c                BSP_IntHandlerTIM1_UP
 .text.BSP_IntHandlerTIM1_TRG_COM
                0x0800552c       0x10 BSP\bsp_int.o
                0x0800552c                BSP_IntHandlerTIM1_TRG_COM
 .text.BSP_IntHandlerTIM1_CC
                0x0800553c       0x10 BSP\bsp_int.o
                0x0800553c                BSP_IntHandlerTIM1_CC
 .text.BSP_IntHandlerTIM2
                0x0800554c       0x10 BSP\bsp_int.o
                0x0800554c                BSP_IntHandlerTIM2
 .text.BSP_IntHandlerTIM3
                0x0800555c       0x10 BSP\bsp_int.o
                0x0800555c                BSP_IntHandlerTIM3
 .text.BSP_IntHandlerTIM4
                0x0800556c       0x10 BSP\bsp_int.o
                0x0800556c                BSP_IntHandlerTIM4
 .text.BSP_IntHandlerI2C1_EV
                0x0800557c       0x10 BSP\bsp_int.o
                0x0800557c                BSP_IntHandlerI2C1_EV
 .text.BSP_IntHandlerI2C1_ER
                0x0800558c       0x10 BSP\bsp_int.o
                0x0800558c                BSP_IntHandlerI2C1_ER
 .text.BSP_IntHandlerI2C2_EV
                0x0800559c       0x10 BSP\bsp_int.o
                0x0800559c                BSP_IntHandlerI2C2_EV
 .text.BSP_IntHandlerI2C2_ER
                0x080055ac       0x10 BSP\bsp_int.o
                0x080055ac                BSP_IntHandlerI2C2_ER
 .text.BSP_IntHandlerSPI1
                0x080055bc       0x10 BSP\bsp_int.o
                0x080055bc                BSP_IntHandlerSPI1
 .text.BSP_IntHandlerSPI2
                0x080055cc       0x10 BSP\bsp_int.o
                0x080055cc                BSP_IntHandlerSPI2
 .text.BSP_IntHandlerUSART1
                0x080055dc       0x10 BSP\bsp_int.o
                0x080055dc                BSP_IntHandlerUSART1
 .text.BSP_IntHandlerUSART2
                0x080055ec       0x10 BSP\bsp_int.o
                0x080055ec                BSP_IntHandlerUSART2
 .text.BSP_IntHandlerUSART3
                0x080055fc       0x10 BSP\bsp_int.o
                0x080055fc                BSP_IntHandlerUSART3
 .text.BSP_IntHandlerEXTI15_10
                0x0800560c       0x10 BSP\bsp_int.o
                0x0800560c                BSP_IntHandlerEXTI15_10
 .text.BSP_IntHandlerRTCAlarm
                0x0800561c       0x10 BSP\bsp_int.o
                0x0800561c                BSP_IntHandlerRTCAlarm
 .text.BSP_IntHandlerUSBWakeUp
                0x0800562c       0x10 BSP\bsp_int.o
                0x0800562c                BSP_IntHandlerUSBWakeUp
 .text.BSP_IntHandlerTIM5
                0x0800563c       0x10 BSP\bsp_int.o
                0x0800563c                BSP_IntHandlerTIM5
 .text.BSP_IntHandlerSPI3
                0x0800564c       0x10 BSP\bsp_int.o
                0x0800564c                BSP_IntHandlerSPI3
 .text.BSP_IntHandlerUSART4
                0x0800565c       0x10 BSP\bsp_int.o
                0x0800565c                BSP_IntHandlerUSART4
 .text.BSP_IntHandlerUSART5
                0x0800566c       0x10 BSP\bsp_int.o
                0x0800566c                BSP_IntHandlerUSART5
 .text.BSP_IntHandlerTIM6
                0x0800567c       0x10 BSP\bsp_int.o
                0x0800567c                BSP_IntHandlerTIM6
 .text.BSP_IntHandlerTIM7
                0x0800568c       0x10 BSP\bsp_int.o
                0x0800568c                BSP_IntHandlerTIM7
 .text.BSP_IntHandlerDMA2_CH1
                0x0800569c       0x10 BSP\bsp_int.o
                0x0800569c                BSP_IntHandlerDMA2_CH1
 .text.BSP_IntHandlerDMA2_CH2
                0x080056ac       0x10 BSP\bsp_int.o
                0x080056ac                BSP_IntHandlerDMA2_CH2
 .text.BSP_IntHandlerDMA2_CH3
                0x080056bc       0x10 BSP\bsp_int.o
                0x080056bc                BSP_IntHandlerDMA2_CH3
 .text.BSP_IntHandlerDMA2_CH4
                0x080056cc       0x10 BSP\bsp_int.o
                0x080056cc                BSP_IntHandlerDMA2_CH4
 .text.BSP_IntHandlerDMA2_CH5
                0x080056dc       0x10 BSP\bsp_int.o
                0x080056dc                BSP_IntHandlerDMA2_CH5
 .text.BSP_IntHandlerETH
                0x080056ec       0x10 BSP\bsp_int.o
                0x080056ec                BSP_IntHandlerETH
 .text.BSP_IntHandlerETHWakeup
                0x080056fc       0x10 BSP\bsp_int.o
                0x080056fc                BSP_IntHandlerETHWakeup
 .text.BSP_IntHandlerCAN2_TX
                0x0800570c       0x10 BSP\bsp_int.o
                0x0800570c                BSP_IntHandlerCAN2_TX
 .text.BSP_IntHandlerCAN2_RX0
                0x0800571c       0x10 BSP\bsp_int.o
                0x0800571c                BSP_IntHandlerCAN2_RX0
 .text.BSP_IntHandlerCAN2_RX1
                0x0800572c       0x10 BSP\bsp_int.o
                0x0800572c                BSP_IntHandlerCAN2_RX1
 .text.BSP_IntHandlerCAN2_SCE
                0x0800573c       0x10 BSP\bsp_int.o
                0x0800573c                BSP_IntHandlerCAN2_SCE
 .text.BSP_IntHandlerOTG
                0x0800574c       0x10 BSP\bsp_int.o
                0x0800574c                BSP_IntHandlerOTG
 .text.BSP_IntHandler
                0x0800575c       0x4c BSP\bsp_int.o
 .text.BSP_IntHandlerDummy
                0x080057a8        0xc BSP\bsp_int.o
 .text.BSP_Init
                0x080057b4      0x11c BSP\bsp.o
                0x080057b4                BSP_Init
 .text.BSP_CPU_ClkFreq
                0x080058d0       0x1c BSP\bsp.o
                0x080058d0                BSP_CPU_ClkFreq
 .text.BSP_LED_Init
                0x080058ec       0x40 BSP\bsp.o
 .text.BSP_LED_Off
                0x0800592c       0x7c BSP\bsp.o
                0x0800592c                BSP_LED_Off
 .text.BSP_LED_Toggle
                0x080059a8       0xe4 BSP\bsp.o
                0x080059a8                BSP_LED_Toggle
 .text.BSP_StatusInit
                0x08005a8c       0x34 BSP\bsp.o
 .text.USART_Init
                0x08005ac0      0x14c BSP\ST\STM32\src\stm32f10x_usart.o
                0x08005ac0                USART_Init
 .text.USART_ClockInit
                0x08005c0c       0x58 BSP\ST\STM32\src\stm32f10x_usart.o
                0x08005c0c                USART_ClockInit
 .text.USART_Cmd
                0x08005c64       0x40 BSP\ST\STM32\src\stm32f10x_usart.o
                0x08005c64                USART_Cmd
 .text.USART_ITConfig
                0x08005ca4       0xa8 BSP\ST\STM32\src\stm32f10x_usart.o
                0x08005ca4                USART_ITConfig
 .text.USART_SendData
                0x08005d4c       0x28 BSP\ST\STM32\src\stm32f10x_usart.o
                0x08005d4c                USART_SendData
 .text.USART_ReceiveData
                0x08005d74       0x24 BSP\ST\STM32\src\stm32f10x_usart.o
                0x08005d74                USART_ReceiveData
 .text.USART_GetFlagStatus
                0x08005d98       0x40 BSP\ST\STM32\src\stm32f10x_usart.o
                0x08005d98                USART_GetFlagStatus
 .text.USART_ClearFlag
                0x08005dd8       0x24 BSP\ST\STM32\src\stm32f10x_usart.o
                0x08005dd8                USART_ClearFlag
 .text.USART_ClearITPendingBit
                0x08005dfc       0x44 BSP\ST\STM32\src\stm32f10x_usart.o
                0x08005dfc                USART_ClearITPendingBit
 .text.RCC_DeInit
                0x08005e40       0x9c BSP\ST\STM32\src\stm32f10x_rcc.o
                0x08005e40                RCC_DeInit
 .text.RCC_HSEConfig
                0x08005edc       0x88 BSP\ST\STM32\src\stm32f10x_rcc.o
                0x08005edc                RCC_HSEConfig
 .text.RCC_WaitForHSEStartUp
                0x08005f64       0x64 BSP\ST\STM32\src\stm32f10x_rcc.o
                0x08005f64                RCC_WaitForHSEStartUp
 .text.RCC_PREDIV1Config
                0x08005fc8       0x4c BSP\ST\STM32\src\stm32f10x_rcc.o
                0x08005fc8                RCC_PREDIV1Config
 .text.RCC_PREDIV2Config
                0x08006014       0x40 BSP\ST\STM32\src\stm32f10x_rcc.o
                0x08006014                RCC_PREDIV2Config
 .text.RCC_PLL1Config
                0x08006054       0x48 BSP\ST\STM32\src\stm32f10x_rcc.o
                0x08006054                RCC_PLL1Config
 .text.RCC_PLL1Cmd
                0x0800609c       0x20 BSP\ST\STM32\src\stm32f10x_rcc.o
                0x0800609c                RCC_PLL1Cmd
 .text.RCC_PLL2Config
                0x080060bc       0x40 BSP\ST\STM32\src\stm32f10x_rcc.o
                0x080060bc                RCC_PLL2Config
 .text.RCC_PLL2Cmd
                0x080060fc       0x20 BSP\ST\STM32\src\stm32f10x_rcc.o
                0x080060fc                RCC_PLL2Cmd
 .text.RCC_PLL3Config
                0x0800611c       0x40 BSP\ST\STM32\src\stm32f10x_rcc.o
                0x0800611c                RCC_PLL3Config
 .text.RCC_PLL3Cmd
                0x0800615c       0x20 BSP\ST\STM32\src\stm32f10x_rcc.o
                0x0800615c                RCC_PLL3Cmd
 .text.RCC_SYSCLKConfig
                0x0800617c       0x40 BSP\ST\STM32\src\stm32f10x_rcc.o
                0x0800617c                RCC_SYSCLKConfig
 .text.RCC_GetSYSCLKSource
                0x080061bc       0x20 BSP\ST\STM32\src\stm32f10x_rcc.o
                0x080061bc                RCC_GetSYSCLKSource
 .text.RCC_HCLKConfig
                0x080061dc       0x40 BSP\ST\STM32\src\stm32f10x_rcc.o
                0x080061dc                RCC_HCLKConfig
 .text.RCC_PCLK1Config
                0x0800621c       0x40 BSP\ST\STM32\src\stm32f10x_rcc.o
                0x0800621c                RCC_PCLK1Config
 .text.RCC_PCLK2Config
                0x0800625c       0x44 BSP\ST\STM32\src\stm32f10x_rcc.o
                0x0800625c                RCC_PCLK2Config
 .text.RCC_ADCCLKConfig
                0x080062a0       0x40 BSP\ST\STM32\src\stm32f10x_rcc.o
                0x080062a0                RCC_ADCCLKConfig
 .text.RCC_OTGFSCLKConfig
                0x080062e0       0x20 BSP\ST\STM32\src\stm32f10x_rcc.o
                0x080062e0                RCC_OTGFSCLKConfig
 .text.RCC_GetClocksFreq
                0x08006300      0x244 BSP\ST\STM32\src\stm32f10x_rcc.o
                0x08006300                RCC_GetClocksFreq
 .text.RCC_APB2PeriphClockCmd
                0x08006544       0x58 BSP\ST\STM32\src\stm32f10x_rcc.o
                0x08006544                RCC_APB2PeriphClockCmd
 .text.RCC_GetFlagStatus
                0x0800659c       0x90 BSP\ST\STM32\src\stm32f10x_rcc.o
                0x0800659c                RCC_GetFlagStatus
 .text.GPIO_Init
                0x0800662c      0x1b0 BSP\ST\STM32\src\stm32f10x_gpio.o
                0x0800662c                GPIO_Init
 .text.GPIO_ReadOutputData
                0x080067dc       0x1c BSP\ST\STM32\src\stm32f10x_gpio.o
                0x080067dc                GPIO_ReadOutputData
 .text.GPIO_SetBits
                0x080067f8       0x1c BSP\ST\STM32\src\stm32f10x_gpio.o
                0x080067f8                GPIO_SetBits
 .text.GPIO_ResetBits
                0x08006814       0x1c BSP\ST\STM32\src\stm32f10x_gpio.o
                0x08006814                GPIO_ResetBits
 .text.GPIO_PinRemapConfig
                0x08006830       0xf8 BSP\ST\STM32\src\stm32f10x_gpio.o
                0x08006830                GPIO_PinRemapConfig
 .text.FLASH_SetLatency
                0x08006928       0x44 BSP\ST\STM32\src\stm32f10x_flash.o
                0x08006928                FLASH_SetLatency
 .text.FLASH_PrefetchBufferCmd
                0x0800696c       0x44 BSP\ST\STM32\src\stm32f10x_flash.o
                0x0800696c                FLASH_PrefetchBufferCmd
 .text.BSP_OS_SemCreate
                0x080069b0       0x48 BSP\OS\bsp_os.o
                0x080069b0                BSP_OS_SemCreate
 .text.BSP_OS_SemWait
                0x080069f8       0x54 BSP\OS\bsp_os.o
                0x080069f8                BSP_OS_SemWait
 .text.BSP_OS_SemPost
                0x08006a4c       0x30 BSP\OS\bsp_os.o
                0x08006a4c                BSP_OS_SemPost
 .text.BSP_OS_TimeDlyMs
                0x08006a7c       0x64 BSP\OS\bsp_os.o
                0x08006a7c                BSP_OS_TimeDlyMs
 .text.App_TaskCreateHook
                0x08006ae0       0x14 APP\app_hooks.o
                0x08006ae0                App_TaskCreateHook
 .text.App_TaskDelHook
                0x08006af4       0x14 APP\app_hooks.o
                0x08006af4                App_TaskDelHook
 .text.App_TaskIdleHook
                0x08006b08        0xc APP\app_hooks.o
                0x08006b08                App_TaskIdleHook
 .text.App_TaskReturnHook
                0x08006b14       0x14 APP\app_hooks.o
                0x08006b14                App_TaskReturnHook
 .text.App_TaskStatHook
                0x08006b28        0xc APP\app_hooks.o
                0x08006b28                App_TaskStatHook
 .text.App_TaskSwHook
                0x08006b34        0xc APP\app_hooks.o
                0x08006b34                App_TaskSwHook
 .text.App_TCBInitHook
                0x08006b40       0x14 APP\app_hooks.o
                0x08006b40                App_TCBInitHook
 .text.App_TimeTickHook
                0x08006b54        0xc APP\app_hooks.o
                0x08006b54                App_TimeTickHook
 .text.main     0x08006b60       0x70 APP\app.o
                0x08006b60                main
 .text.AppTaskStart
                0x08006bd0       0x88 APP\app.o
 .text.AppTaskCreate
                0x08006c58        0xc APP\app.o
 .text.AppEventCreate
                0x08006c64        0xc APP\app.o
 .text.__libc_init_array
                0x08006c70       0x48 c:/program files (x86)/atollic/truestudio for arm pro 3.3.0/armtools/bin/../lib/gcc/arm-atollic-eabi/4.6.2/../../../../arm-atollic-eabi/lib/thumb/armv7-m\libc.a(lib_a-init.o)
                0x08006c70                __libc_init_array
 .text._vsnprintf_r
                0x08006cb8       0x56 c:/program files (x86)/atollic/truestudio for arm pro 3.3.0/armtools/bin/../lib/gcc/arm-atollic-eabi/4.6.2/../../../../arm-atollic-eabi/lib/thumb/armv7-m\libc.a(lib_a-vsnprintf.o)
                0x08006cb8                _vsnprintf_r
 *fill*         0x08006d0e        0x2 00
 .text.vsnprintf
                0x08006d10       0x20 c:/program files (x86)/atollic/truestudio for arm pro 3.3.0/armtools/bin/../lib/gcc/arm-atollic-eabi/4.6.2/../../../../arm-atollic-eabi/lib/thumb/armv7-m\libc.a(lib_a-vsnprintf.o)
                0x08006d10                vsnprintf
 .text._svfprintf_r
                0x08006d30     0x102c c:/program files (x86)/atollic/truestudio for arm pro 3.3.0/armtools/bin/../lib/gcc/arm-atollic-eabi/4.6.2/../../../../arm-atollic-eabi/lib/thumb/armv7-m\libc.a(lib_a-svfprintf.o)
                0x08006d30                _svfprintf_r
 .text.quorem   0x08007d5c      0x110 c:/program files (x86)/atollic/truestudio for arm pro 3.3.0/armtools/bin/../lib/gcc/arm-atollic-eabi/4.6.2/../../../../arm-atollic-eabi/lib/thumb/armv7-m\libc.a(lib_a-dtoa.o)
 *fill*         0x08007e6c        0x4 00
 .text._dtoa_r  0x08007e70      0xb58 c:/program files (x86)/atollic/truestudio for arm pro 3.3.0/armtools/bin/../lib/gcc/arm-atollic-eabi/4.6.2/../../../../arm-atollic-eabi/lib/thumb/armv7-m\libc.a(lib_a-dtoa.o)
                0x08007e70                _dtoa_r
 .text._localeconv_r
                0x080089c8        0x8 c:/program files (x86)/atollic/truestudio for arm pro 3.3.0/armtools/bin/../lib/gcc/arm-atollic-eabi/4.6.2/../../../../arm-atollic-eabi/lib/thumb/armv7-m\libc.a(lib_a-locale.o)
                0x080089c8                _localeconv_r
 .text.malloc   0x080089d0       0x10 c:/program files (x86)/atollic/truestudio for arm pro 3.3.0/armtools/bin/../lib/gcc/arm-atollic-eabi/4.6.2/../../../../arm-atollic-eabi/lib/thumb/armv7-m\libc.a(lib_a-malloc.o)
                0x080089d0                malloc
 .text._malloc_r
                0x080089e0      0x3fc c:/program files (x86)/atollic/truestudio for arm pro 3.3.0/armtools/bin/../lib/gcc/arm-atollic-eabi/4.6.2/../../../../arm-atollic-eabi/lib/thumb/armv7-m\libc.a(lib_a-mallocr.o)
                0x080089e0                _malloc_r
 .text.memchr   0x08008ddc       0x1c c:/program files (x86)/atollic/truestudio for arm pro 3.3.0/armtools/bin/../lib/gcc/arm-atollic-eabi/4.6.2/../../../../arm-atollic-eabi/lib/thumb/armv7-m\libc.a(lib_a-memchr.o)
                0x08008ddc                memchr
 .text.memcpy   0x08008df8       0x12 c:/program files (x86)/atollic/truestudio for arm pro 3.3.0/armtools/bin/../lib/gcc/arm-atollic-eabi/4.6.2/../../../../arm-atollic-eabi/lib/thumb/armv7-m\libc.a(lib_a-memcpy.o)
                0x08008df8                memcpy
 .text.__malloc_lock
                0x08008e0a        0x2 c:/program files (x86)/atollic/truestudio for arm pro 3.3.0/armtools/bin/../lib/gcc/arm-atollic-eabi/4.6.2/../../../../arm-atollic-eabi/lib/thumb/armv7-m\libc.a(lib_a-mlock.o)
                0x08008e0a                __malloc_lock
 .text.__malloc_unlock
                0x08008e0c        0x2 c:/program files (x86)/atollic/truestudio for arm pro 3.3.0/armtools/bin/../lib/gcc/arm-atollic-eabi/4.6.2/../../../../arm-atollic-eabi/lib/thumb/armv7-m\libc.a(lib_a-mlock.o)
                0x08008e0c                __malloc_unlock
 .text._Balloc  0x08008e0e       0x62 c:/program files (x86)/atollic/truestudio for arm pro 3.3.0/armtools/bin/../lib/gcc/arm-atollic-eabi/4.6.2/../../../../arm-atollic-eabi/lib/thumb/armv7-m\libc.a(lib_a-mprec.o)
                0x08008e0e                _Balloc
 .text._Bfree   0x08008e70       0x2e c:/program files (x86)/atollic/truestudio for arm pro 3.3.0/armtools/bin/../lib/gcc/arm-atollic-eabi/4.6.2/../../../../arm-atollic-eabi/lib/thumb/armv7-m\libc.a(lib_a-mprec.o)
                0x08008e70                _Bfree
 .text.__multadd
                0x08008e9e       0x78 c:/program files (x86)/atollic/truestudio for arm pro 3.3.0/armtools/bin/../lib/gcc/arm-atollic-eabi/4.6.2/../../../../arm-atollic-eabi/lib/thumb/armv7-m\libc.a(lib_a-mprec.o)
                0x08008e9e                __multadd
 .text.__hi0bits
                0x08008f16       0x3e c:/program files (x86)/atollic/truestudio for arm pro 3.3.0/armtools/bin/../lib/gcc/arm-atollic-eabi/4.6.2/../../../../arm-atollic-eabi/lib/thumb/armv7-m\libc.a(lib_a-mprec.o)
                0x08008f16                __hi0bits
 .text.__lo0bits
                0x08008f54       0x5a c:/program files (x86)/atollic/truestudio for arm pro 3.3.0/armtools/bin/../lib/gcc/arm-atollic-eabi/4.6.2/../../../../arm-atollic-eabi/lib/thumb/armv7-m\libc.a(lib_a-mprec.o)
                0x08008f54                __lo0bits
 .text.__i2b    0x08008fae       0x12 c:/program files (x86)/atollic/truestudio for arm pro 3.3.0/armtools/bin/../lib/gcc/arm-atollic-eabi/4.6.2/../../../../arm-atollic-eabi/lib/thumb/armv7-m\libc.a(lib_a-mprec.o)
                0x08008fae                __i2b
 .text.__multiply
                0x08008fc0      0x128 c:/program files (x86)/atollic/truestudio for arm pro 3.3.0/armtools/bin/../lib/gcc/arm-atollic-eabi/4.6.2/../../../../arm-atollic-eabi/lib/thumb/armv7-m\libc.a(lib_a-mprec.o)
                0x08008fc0                __multiply
 .text.__pow5mult
                0x080090e8       0xa0 c:/program files (x86)/atollic/truestudio for arm pro 3.3.0/armtools/bin/../lib/gcc/arm-atollic-eabi/4.6.2/../../../../arm-atollic-eabi/lib/thumb/armv7-m\libc.a(lib_a-mprec.o)
                0x080090e8                __pow5mult
 .text.__lshift
                0x08009188       0xae c:/program files (x86)/atollic/truestudio for arm pro 3.3.0/armtools/bin/../lib/gcc/arm-atollic-eabi/4.6.2/../../../../arm-atollic-eabi/lib/thumb/armv7-m\libc.a(lib_a-mprec.o)
                0x08009188                __lshift
 .text.__mcmp   0x08009236       0x3e c:/program files (x86)/atollic/truestudio for arm pro 3.3.0/armtools/bin/../lib/gcc/arm-atollic-eabi/4.6.2/../../../../arm-atollic-eabi/lib/thumb/armv7-m\libc.a(lib_a-mprec.o)
                0x08009236                __mcmp
 .text.__mdiff  0x08009274       0xc8 c:/program files (x86)/atollic/truestudio for arm pro 3.3.0/armtools/bin/../lib/gcc/arm-atollic-eabi/4.6.2/../../../../arm-atollic-eabi/lib/thumb/armv7-m\libc.a(lib_a-mprec.o)
                0x08009274                __mdiff
 .text.__d2b    0x0800933c       0xbc c:/program files (x86)/atollic/truestudio for arm pro 3.3.0/armtools/bin/../lib/gcc/arm-atollic-eabi/4.6.2/../../../../arm-atollic-eabi/lib/thumb/armv7-m\libc.a(lib_a-mprec.o)
                0x0800933c                __d2b
 .text.__fpclassifyd
                0x080093f8       0x64 c:/program files (x86)/atollic/truestudio for arm pro 3.3.0/armtools/bin/../lib/gcc/arm-atollic-eabi/4.6.2/../../../../arm-atollic-eabi/lib/thumb/armv7-m\libc.a(lib_a-s_fpclassify.o)
                0x080093f8                __fpclassifyd
 .text._sbrk_r  0x0800945c       0x20 c:/program files (x86)/atollic/truestudio for arm pro 3.3.0/armtools/bin/../lib/gcc/arm-atollic-eabi/4.6.2/../../../../arm-atollic-eabi/lib/thumb/armv7-m\libc.a(lib_a-sbrkr.o)
                0x0800945c                _sbrk_r
 .text.strlen   0x0800947c       0x10 c:/program files (x86)/atollic/truestudio for arm pro 3.3.0/armtools/bin/../lib/gcc/arm-atollic-eabi/4.6.2/../../../../arm-atollic-eabi/lib/thumb/armv7-m\libc.a(lib_a-strlen.o)
                0x0800947c                strlen
 .text.__ssprint_r
                0x0800948c       0xf2 c:/program files (x86)/atollic/truestudio for arm pro 3.3.0/armtools/bin/../lib/gcc/arm-atollic-eabi/4.6.2/../../../../arm-atollic-eabi/lib/thumb/armv7-m\libc.a(lib_a-svfiprintf.o)
                0x0800948c                __ssprint_r
 .text._getpid  0x0800957e        0x4 c:/program files (x86)/atollic/truestudio for arm pro 3.3.0/armtools/bin/../lib/gcc/arm-atollic-eabi/4.6.2/../../../../arm-atollic-eabi/lib/thumb/armv7-m\libc.a(lib_a-syscalls.o)
                0x0800957e                _getpid
 *fill*         0x08009582        0x2 00
 .text._kill    0x08009584       0x10 c:/program files (x86)/atollic/truestudio for arm pro 3.3.0/armtools/bin/../lib/gcc/arm-atollic-eabi/4.6.2/../../../../arm-atollic-eabi/lib/thumb/armv7-m\libc.a(lib_a-syscalls.o)
                0x08009584                _kill
 .text._exit    0x08009594        0xc c:/program files (x86)/atollic/truestudio for arm pro 3.3.0/armtools/bin/../lib/gcc/arm-atollic-eabi/4.6.2/../../../../arm-atollic-eabi/lib/thumb/armv7-m\libc.a(lib_a-syscalls.o)
                0x08009594                _exit
 .text._sbrk    0x080095a0       0x34 c:/program files (x86)/atollic/truestudio for arm pro 3.3.0/armtools/bin/../lib/gcc/arm-atollic-eabi/4.6.2/../../../../arm-atollic-eabi/lib/thumb/armv7-m\libc.a(lib_a-syscalls.o)
                0x080095a0                _sbrk
 .text._calloc_r
                0x080095d4       0x5a c:/program files (x86)/atollic/truestudio for arm pro 3.3.0/armtools/bin/../lib/gcc/arm-atollic-eabi/4.6.2/../../../../arm-atollic-eabi/lib/thumb/armv7-m\libc.a(lib_a-callocr.o)
                0x080095d4                _calloc_r
 *fill*         0x0800962e        0x2 00
 .text._malloc_trim_r
                0x08009630       0xa8 c:/program files (x86)/atollic/truestudio for arm pro 3.3.0/armtools/bin/../lib/gcc/arm-atollic-eabi/4.6.2/../../../../arm-atollic-eabi/lib/thumb/armv7-m\libc.a(lib_a-freer.o)
                0x08009630                _malloc_trim_r
 .text._free_r  0x080096d8      0x16c c:/program files (x86)/atollic/truestudio for arm pro 3.3.0/armtools/bin/../lib/gcc/arm-atollic-eabi/4.6.2/../../../../arm-atollic-eabi/lib/thumb/armv7-m\libc.a(lib_a-freer.o)
                0x080096d8                _free_r
 .text.memmove  0x08009844       0x3a c:/program files (x86)/atollic/truestudio for arm pro 3.3.0/armtools/bin/../lib/gcc/arm-atollic-eabi/4.6.2/../../../../arm-atollic-eabi/lib/thumb/armv7-m\libc.a(lib_a-memmove.o)
                0x08009844                memmove
 .text.memset   0x0800987e        0xe c:/program files (x86)/atollic/truestudio for arm pro 3.3.0/armtools/bin/../lib/gcc/arm-atollic-eabi/4.6.2/../../../../arm-atollic-eabi/lib/thumb/armv7-m\libc.a(lib_a-memset.o)
                0x0800987e                memset
 .text._realloc_r
                0x0800988c      0x2dc c:/program files (x86)/atollic/truestudio for arm pro 3.3.0/armtools/bin/../lib/gcc/arm-atollic-eabi/4.6.2/../../../../arm-atollic-eabi/lib/thumb/armv7-m\libc.a(lib_a-reallocr.o)
                0x0800988c                _realloc_r
 .text.abort    0x08009b68        0xe c:/program files (x86)/atollic/truestudio for arm pro 3.3.0/armtools/bin/../lib/gcc/arm-atollic-eabi/4.6.2/../../../../arm-atollic-eabi/lib/thumb/armv7-m\libc.a(lib_a-abort.o)
                0x08009b68                abort
 .text._raise_r
                0x08009b76       0x54 c:/program files (x86)/atollic/truestudio for arm pro 3.3.0/armtools/bin/../lib/gcc/arm-atollic-eabi/4.6.2/../../../../arm-atollic-eabi/lib/thumb/armv7-m\libc.a(lib_a-signal.o)
                0x08009b76                _raise_r
 *fill*         0x08009bca        0x2 00
 .text.raise    0x08009bcc       0x10 c:/program files (x86)/atollic/truestudio for arm pro 3.3.0/armtools/bin/../lib/gcc/arm-atollic-eabi/4.6.2/../../../../arm-atollic-eabi/lib/thumb/armv7-m\libc.a(lib_a-signal.o)
                0x08009bcc                raise
 .text._kill_r  0x08009bdc       0x24 c:/program files (x86)/atollic/truestudio for arm pro 3.3.0/armtools/bin/../lib/gcc/arm-atollic-eabi/4.6.2/../../../../arm-atollic-eabi/lib/thumb/armv7-m\libc.a(lib_a-signalr.o)
                0x08009bdc                _kill_r
 .text._getpid_r
                0x08009c00        0x4 c:/program files (x86)/atollic/truestudio for arm pro 3.3.0/armtools/bin/../lib/gcc/arm-atollic-eabi/4.6.2/../../../../arm-atollic-eabi/lib/thumb/armv7-m\libc.a(lib_a-signalr.o)
                0x08009c00                _getpid_r
 *(.rodata)
 .rodata        0x08009c04       0x3c uCOS-II\Source\os_tmr.o
 .rodata        0x08009c40        0x4 uCOS-II\Source\os_task.o
 .rodata        0x08009c44        0x4 uCOS-II\Source\os_sem.o
 .rodata        0x08009c48        0x4 uCOS-II\Source\os_mem.o
 .rodata        0x08009c4c        0x4 uCOS-II\Source\os_flag.o
 .rodata        0x08009c50       0x24 uCOS-II\Source\os_core.o
 .rodata        0x08009c74       0x2c BSP\bsp_ser.o
 .rodata        0x08009ca0       0x50 APP\app.o
 *(.rodata*)
 .rodata.OSUnMapTbl
                0x08009cf0      0x100 uCOS-II\Source\os_core.o
                0x08009cf0                OSUnMapTbl
 .rodata.OSDebugEn
                0x08009df0        0x2 uCOS-II\Ports\ARM-Cortex-M3\Generic\GNU\os_dbg.o
                0x08009df0                OSDebugEn
 *fill*         0x08009df2        0x2 00
 .rodata.OSEndiannessTest
                0x08009df4        0x4 uCOS-II\Ports\ARM-Cortex-M3\Generic\GNU\os_dbg.o
                0x08009df4                OSEndiannessTest
 .rodata.OSEventEn
                0x08009df8        0x2 uCOS-II\Ports\ARM-Cortex-M3\Generic\GNU\os_dbg.o
                0x08009df8                OSEventEn
 .rodata.OSEventMax
                0x08009dfa        0x2 uCOS-II\Ports\ARM-Cortex-M3\Generic\GNU\os_dbg.o
                0x08009dfa                OSEventMax
 .rodata.OSEventNameEn
                0x08009dfc        0x2 uCOS-II\Ports\ARM-Cortex-M3\Generic\GNU\os_dbg.o
                0x08009dfc                OSEventNameEn
 .rodata.OSEventSize
                0x08009dfe        0x2 uCOS-II\Ports\ARM-Cortex-M3\Generic\GNU\os_dbg.o
                0x08009dfe                OSEventSize
 .rodata.OSEventTblSize
                0x08009e00        0x2 uCOS-II\Ports\ARM-Cortex-M3\Generic\GNU\os_dbg.o
                0x08009e00                OSEventTblSize
 .rodata.OSEventMultiEn
                0x08009e02        0x2 uCOS-II\Ports\ARM-Cortex-M3\Generic\GNU\os_dbg.o
                0x08009e02                OSEventMultiEn
 .rodata.OSFlagEn
                0x08009e04        0x2 uCOS-II\Ports\ARM-Cortex-M3\Generic\GNU\os_dbg.o
                0x08009e04                OSFlagEn
 .rodata.OSFlagGrpSize
                0x08009e06        0x2 uCOS-II\Ports\ARM-Cortex-M3\Generic\GNU\os_dbg.o
                0x08009e06                OSFlagGrpSize
 .rodata.OSFlagNodeSize
                0x08009e08        0x2 uCOS-II\Ports\ARM-Cortex-M3\Generic\GNU\os_dbg.o
                0x08009e08                OSFlagNodeSize
 .rodata.OSFlagWidth
                0x08009e0a        0x2 uCOS-II\Ports\ARM-Cortex-M3\Generic\GNU\os_dbg.o
                0x08009e0a                OSFlagWidth
 .rodata.OSFlagMax
                0x08009e0c        0x2 uCOS-II\Ports\ARM-Cortex-M3\Generic\GNU\os_dbg.o
                0x08009e0c                OSFlagMax
 .rodata.OSFlagNameEn
                0x08009e0e        0x2 uCOS-II\Ports\ARM-Cortex-M3\Generic\GNU\os_dbg.o
                0x08009e0e                OSFlagNameEn
 .rodata.OSLowestPrio
                0x08009e10        0x2 uCOS-II\Ports\ARM-Cortex-M3\Generic\GNU\os_dbg.o
                0x08009e10                OSLowestPrio
 .rodata.OSMboxEn
                0x08009e12        0x2 uCOS-II\Ports\ARM-Cortex-M3\Generic\GNU\os_dbg.o
                0x08009e12                OSMboxEn
 .rodata.OSMemEn
                0x08009e14        0x2 uCOS-II\Ports\ARM-Cortex-M3\Generic\GNU\os_dbg.o
                0x08009e14                OSMemEn
 .rodata.OSMemMax
                0x08009e16        0x2 uCOS-II\Ports\ARM-Cortex-M3\Generic\GNU\os_dbg.o
                0x08009e16                OSMemMax
 .rodata.OSMemNameEn
                0x08009e18        0x2 uCOS-II\Ports\ARM-Cortex-M3\Generic\GNU\os_dbg.o
                0x08009e18                OSMemNameEn
 .rodata.OSMemSize
                0x08009e1a        0x2 uCOS-II\Ports\ARM-Cortex-M3\Generic\GNU\os_dbg.o
                0x08009e1a                OSMemSize
 .rodata.OSMemTblSize
                0x08009e1c        0x2 uCOS-II\Ports\ARM-Cortex-M3\Generic\GNU\os_dbg.o
                0x08009e1c                OSMemTblSize
 .rodata.OSMutexEn
                0x08009e1e        0x2 uCOS-II\Ports\ARM-Cortex-M3\Generic\GNU\os_dbg.o
                0x08009e1e                OSMutexEn
 .rodata.OSPtrSize
                0x08009e20        0x2 uCOS-II\Ports\ARM-Cortex-M3\Generic\GNU\os_dbg.o
                0x08009e20                OSPtrSize
 .rodata.OSQEn  0x08009e22        0x2 uCOS-II\Ports\ARM-Cortex-M3\Generic\GNU\os_dbg.o
                0x08009e22                OSQEn
 .rodata.OSQMax
                0x08009e24        0x2 uCOS-II\Ports\ARM-Cortex-M3\Generic\GNU\os_dbg.o
                0x08009e24                OSQMax
 .rodata.OSQSize
                0x08009e26        0x2 uCOS-II\Ports\ARM-Cortex-M3\Generic\GNU\os_dbg.o
                0x08009e26                OSQSize
 .rodata.OSRdyTblSize
                0x08009e28        0x2 uCOS-II\Ports\ARM-Cortex-M3\Generic\GNU\os_dbg.o
                0x08009e28                OSRdyTblSize
 .rodata.OSSemEn
                0x08009e2a        0x2 uCOS-II\Ports\ARM-Cortex-M3\Generic\GNU\os_dbg.o
                0x08009e2a                OSSemEn
 .rodata.OSStkWidth
                0x08009e2c        0x2 uCOS-II\Ports\ARM-Cortex-M3\Generic\GNU\os_dbg.o
                0x08009e2c                OSStkWidth
 .rodata.OSTaskCreateEn
                0x08009e2e        0x2 uCOS-II\Ports\ARM-Cortex-M3\Generic\GNU\os_dbg.o
                0x08009e2e                OSTaskCreateEn
 .rodata.OSTaskCreateExtEn
                0x08009e30        0x2 uCOS-II\Ports\ARM-Cortex-M3\Generic\GNU\os_dbg.o
                0x08009e30                OSTaskCreateExtEn
 .rodata.OSTaskDelEn
                0x08009e32        0x2 uCOS-II\Ports\ARM-Cortex-M3\Generic\GNU\os_dbg.o
                0x08009e32                OSTaskDelEn
 .rodata.OSTaskIdleStkSize
                0x08009e34        0x2 uCOS-II\Ports\ARM-Cortex-M3\Generic\GNU\os_dbg.o
                0x08009e34                OSTaskIdleStkSize
 .rodata.OSTaskProfileEn
                0x08009e36        0x2 uCOS-II\Ports\ARM-Cortex-M3\Generic\GNU\os_dbg.o
                0x08009e36                OSTaskProfileEn
 .rodata.OSTaskMax
                0x08009e38        0x2 uCOS-II\Ports\ARM-Cortex-M3\Generic\GNU\os_dbg.o
                0x08009e38                OSTaskMax
 .rodata.OSTaskNameEn
                0x08009e3a        0x2 uCOS-II\Ports\ARM-Cortex-M3\Generic\GNU\os_dbg.o
                0x08009e3a                OSTaskNameEn
 .rodata.OSTaskStatEn
                0x08009e3c        0x2 uCOS-II\Ports\ARM-Cortex-M3\Generic\GNU\os_dbg.o
                0x08009e3c                OSTaskStatEn
 .rodata.OSTaskStatStkSize
                0x08009e3e        0x2 uCOS-II\Ports\ARM-Cortex-M3\Generic\GNU\os_dbg.o
                0x08009e3e                OSTaskStatStkSize
 .rodata.OSTaskStatStkChkEn
                0x08009e40        0x2 uCOS-II\Ports\ARM-Cortex-M3\Generic\GNU\os_dbg.o
                0x08009e40                OSTaskStatStkChkEn
 .rodata.OSTaskSwHookEn
                0x08009e42        0x2 uCOS-II\Ports\ARM-Cortex-M3\Generic\GNU\os_dbg.o
                0x08009e42                OSTaskSwHookEn
 .rodata.OSTCBPrioTblMax
                0x08009e44        0x2 uCOS-II\Ports\ARM-Cortex-M3\Generic\GNU\os_dbg.o
                0x08009e44                OSTCBPrioTblMax
 .rodata.OSTCBSize
                0x08009e46        0x2 uCOS-II\Ports\ARM-Cortex-M3\Generic\GNU\os_dbg.o
                0x08009e46                OSTCBSize
 .rodata.OSTicksPerSec
                0x08009e48        0x2 uCOS-II\Ports\ARM-Cortex-M3\Generic\GNU\os_dbg.o
                0x08009e48                OSTicksPerSec
 .rodata.OSTimeTickHookEn
                0x08009e4a        0x2 uCOS-II\Ports\ARM-Cortex-M3\Generic\GNU\os_dbg.o
                0x08009e4a                OSTimeTickHookEn
 .rodata.OSVersionNbr
                0x08009e4c        0x2 uCOS-II\Ports\ARM-Cortex-M3\Generic\GNU\os_dbg.o
                0x08009e4c                OSVersionNbr
 .rodata.OSTmrEn
                0x08009e4e        0x2 uCOS-II\Ports\ARM-Cortex-M3\Generic\GNU\os_dbg.o
                0x08009e4e                OSTmrEn
 .rodata.OSTmrCfgMax
                0x08009e50        0x2 uCOS-II\Ports\ARM-Cortex-M3\Generic\GNU\os_dbg.o
                0x08009e50                OSTmrCfgMax
 .rodata.OSTmrCfgNameEn
                0x08009e52        0x2 uCOS-II\Ports\ARM-Cortex-M3\Generic\GNU\os_dbg.o
                0x08009e52                OSTmrCfgNameEn
 .rodata.OSTmrCfgWheelSize
                0x08009e54        0x2 uCOS-II\Ports\ARM-Cortex-M3\Generic\GNU\os_dbg.o
                0x08009e54                OSTmrCfgWheelSize
 .rodata.OSTmrCfgTicksPerSec
                0x08009e56        0x2 uCOS-II\Ports\ARM-Cortex-M3\Generic\GNU\os_dbg.o
                0x08009e56                OSTmrCfgTicksPerSec
 .rodata.OSTmrSize
                0x08009e58        0x2 uCOS-II\Ports\ARM-Cortex-M3\Generic\GNU\os_dbg.o
                0x08009e58                OSTmrSize
 .rodata.OSTmrTblSize
                0x08009e5a        0x2 uCOS-II\Ports\ARM-Cortex-M3\Generic\GNU\os_dbg.o
                0x08009e5a                OSTmrTblSize
 .rodata.OSTmrWheelSize
                0x08009e5c        0x2 uCOS-II\Ports\ARM-Cortex-M3\Generic\GNU\os_dbg.o
                0x08009e5c                OSTmrWheelSize
 .rodata.OSTmrWheelTblSize
                0x08009e5e        0x2 uCOS-II\Ports\ARM-Cortex-M3\Generic\GNU\os_dbg.o
                0x08009e5e                OSTmrWheelTblSize
 .rodata.OSDataSize
                0x08009e60        0x2 uCOS-II\Ports\ARM-Cortex-M3\Generic\GNU\os_dbg.o
                0x08009e60                OSDataSize
 *fill*         0x08009e62        0x2 00
 .rodata.APBAHBPrescTable
                0x08009e64       0x10 BSP\ST\STM32\src\stm32f10x_rcc.o
 .rodata.ADCPrescTable
                0x08009e74        0x4 BSP\ST\STM32\src\stm32f10x_rcc.o
 .rodata.str1.1
                0x08009e78        0x2 c:/program files (x86)/atollic/truestudio for arm pro 3.3.0/armtools/bin/../lib/gcc/arm-atollic-eabi/4.6.2/../../../../arm-atollic-eabi/lib/thumb/armv7-m\libc.a(lib_a-impure.o)
 .rodata.zeroes.6598
                0x08009e7a       0x10 c:/program files (x86)/atollic/truestudio for arm pro 3.3.0/armtools/bin/../lib/gcc/arm-atollic-eabi/4.6.2/../../../../arm-atollic-eabi/lib/thumb/armv7-m\libc.a(lib_a-svfprintf.o)
 .rodata.str1.1
                0x08009e8a       0x34 c:/program files (x86)/atollic/truestudio for arm pro 3.3.0/armtools/bin/../lib/gcc/arm-atollic-eabi/4.6.2/../../../../arm-atollic-eabi/lib/thumb/armv7-m\libc.a(lib_a-svfprintf.o)
 .rodata.blanks.6597
                0x08009ebe       0x10 c:/program files (x86)/atollic/truestudio for arm pro 3.3.0/armtools/bin/../lib/gcc/arm-atollic-eabi/4.6.2/../../../../arm-atollic-eabi/lib/thumb/armv7-m\libc.a(lib_a-svfprintf.o)
 .rodata.str1.1
                0x08009ece        0xd c:/program files (x86)/atollic/truestudio for arm pro 3.3.0/armtools/bin/../lib/gcc/arm-atollic-eabi/4.6.2/../../../../arm-atollic-eabi/lib/thumb/armv7-m\libc.a(lib_a-dtoa.o)
                                  0xf (size before relaxing)
 .rodata.str1.1
                0x08009edb        0x8 c:/program files (x86)/atollic/truestudio for arm pro 3.3.0/armtools/bin/../lib/gcc/arm-atollic-eabi/4.6.2/../../../../arm-atollic-eabi/lib/thumb/armv7-m\libc.a(lib_a-locale.o)
                                  0xb (size before relaxing)
 *fill*         0x08009ee3        0x1 00
 .rodata.p05.5123
                0x08009ee4        0xc c:/program files (x86)/atollic/truestudio for arm pro 3.3.0/armtools/bin/../lib/gcc/arm-atollic-eabi/4.6.2/../../../../arm-atollic-eabi/lib/thumb/armv7-m\libc.a(lib_a-mprec.o)
 .rodata.__mprec_tens
                0x08009ef0       0xc8 c:/program files (x86)/atollic/truestudio for arm pro 3.3.0/armtools/bin/../lib/gcc/arm-atollic-eabi/4.6.2/../../../../arm-atollic-eabi/lib/thumb/armv7-m\libc.a(lib_a-mprec.o)
                0x08009ef0                __mprec_tens
 .rodata.__mprec_bigtens
                0x08009fb8       0x28 c:/program files (x86)/atollic/truestudio for arm pro 3.3.0/armtools/bin/../lib/gcc/arm-atollic-eabi/4.6.2/../../../../arm-atollic-eabi/lib/thumb/armv7-m\libc.a(lib_a-mprec.o)
                0x08009fb8                __mprec_bigtens
 *(.glue_7)
 .glue_7        0x00000000        0x0 linker stubs
 *(.glue_7t)
 .glue_7t       0x00000000        0x0 linker stubs
 *(.eh_frame)
 .eh_frame      0x08009fe0        0x0 c:/program files (x86)/atollic/truestudio for arm pro 3.3.0/armtools/bin/../lib/gcc/arm-atollic-eabi/4.6.2/thumb/armv7-m/crtbegin.o
 *(.init)
 .init          0x08009fe0        0x4 c:/program files (x86)/atollic/truestudio for arm pro 3.3.0/armtools/bin/../lib/gcc/arm-atollic-eabi/4.6.2/thumb/armv7-m/crti.o
                0x08009fe0                _init
 .init          0x08009fe4        0x8 c:/program files (x86)/atollic/truestudio for arm pro 3.3.0/armtools/bin/../lib/gcc/arm-atollic-eabi/4.6.2/thumb/armv7-m/crtn.o
 *(.fini)
 .fini          0x08009fec        0x4 c:/program files (x86)/atollic/truestudio for arm pro 3.3.0/armtools/bin/../lib/gcc/arm-atollic-eabi/4.6.2/thumb/armv7-m/crti.o
                0x08009fec                _fini
 .fini          0x08009ff0        0x8 c:/program files (x86)/atollic/truestudio for arm pro 3.3.0/armtools/bin/../lib/gcc/arm-atollic-eabi/4.6.2/thumb/armv7-m/crtn.o
                0x08009ff8                . = ALIGN (0x4)
                0x08009ff8                _etext = .

.vfp11_veneer   0x08009ff8        0x0
 .vfp11_veneer  0x00000000        0x0 linker stubs

.v4_bx          0x08009ff8        0x0
 .v4_bx         0x00000000        0x0 linker stubs

.ARM.extab      0x08009ff8       0x30
 *(.ARM.extab* .gnu.linkonce.armextab.*)
 .ARM.extab     0x08009ff8       0x18 c:/program files (x86)/atollic/truestudio for arm pro 3.3.0/armtools/bin/../lib/gcc/arm-atollic-eabi/4.6.2/thumb/armv7-m\libgcc.a(unwind-arm.o)
 .ARM.extab     0x0800a010       0x18 c:/program files (x86)/atollic/truestudio for arm pro 3.3.0/armtools/bin/../lib/gcc/arm-atollic-eabi/4.6.2/thumb/armv7-m\libgcc.a(pr-support.o)

.ARM            0x0800a028       0xe8
                0x0800a028                __exidx_start = .
 *(.ARM.exidx*)
 .ARM.exidx     0x0800a028       0x10 c:/program files (x86)/atollic/truestudio for arm pro 3.3.0/armtools/bin/../lib/gcc/arm-atollic-eabi/4.6.2/thumb/armv7-m\libgcc.a(bpabi.o)
 .ARM.exidx     0x0800a038       0x88 c:/program files (x86)/atollic/truestudio for arm pro 3.3.0/armtools/bin/../lib/gcc/arm-atollic-eabi/4.6.2/thumb/armv7-m\libgcc.a(unwind-arm.o)
                                 0xc0 (size before relaxing)
 .ARM.exidx     0x0800a0c0       0x38 c:/program files (x86)/atollic/truestudio for arm pro 3.3.0/armtools/bin/../lib/gcc/arm-atollic-eabi/4.6.2/thumb/armv7-m\libgcc.a(pr-support.o)
                                 0x48 (size before relaxing)
 .ARM.exidx     0x0800a0f8        0x8 c:/program files (x86)/atollic/truestudio for arm pro 3.3.0/armtools/bin/../lib/gcc/arm-atollic-eabi/4.6.2/thumb/armv7-m\libgcc.a(_divdi3.o)
 .ARM.exidx     0x0800a100       0x10 c:/program files (x86)/atollic/truestudio for arm pro 3.3.0/armtools/bin/../lib/gcc/arm-atollic-eabi/4.6.2/thumb/armv7-m\libgcc.a(_udivdi3.o)
                                  0x8 (size before relaxing)
                0x0800a110                __exidx_end = .

.preinit_array  0x0800a110        0x0
                0x0800a110                PROVIDE (__preinit_array_start, .)
 *(.preinit_array*)
                0x0800a110                PROVIDE (__preinit_array_end, .)

.init_array     0x0800a110        0x4
                0x0800a110                PROVIDE (__init_array_start, .)
 *(SORT(.init_array.*))
 *(.init_array*)
 .init_array    0x0800a110        0x4 c:/program files (x86)/atollic/truestudio for arm pro 3.3.0/armtools/bin/../lib/gcc/arm-atollic-eabi/4.6.2/thumb/armv7-m/crtbegin.o
                0x0800a114                PROVIDE (__init_array_end, .)

.fini_array     0x0800a114        0x4
                0x0800a114                PROVIDE (__fini_array_start, .)
 *(.fini_array*)
 .fini_array    0x0800a114        0x4 c:/program files (x86)/atollic/truestudio for arm pro 3.3.0/armtools/bin/../lib/gcc/arm-atollic-eabi/4.6.2/thumb/armv7-m/crtbegin.o
 *(SORT(.fini_array.*))
                0x0800a118                PROVIDE (__fini_array_end, .)
                0x0800a118                _sidata = .

.data           0x20000000      0x53c load address 0x0800a118
                0x20000000                . = ALIGN (0x4)
                0x20000000                _sdata = .
 *(.data)
 *(.data*)
 .data.impure_data
                0x20000000       0xf0 c:/program files (x86)/atollic/truestudio for arm pro 3.3.0/armtools/bin/../lib/gcc/arm-atollic-eabi/4.6.2/../../../../arm-atollic-eabi/lib/thumb/armv7-m\libc.a(lib_a-impure.o)
 .data._impure_ptr
                0x200000f0        0x4 c:/program files (x86)/atollic/truestudio for arm pro 3.3.0/armtools/bin/../lib/gcc/arm-atollic-eabi/4.6.2/../../../../arm-atollic-eabi/lib/thumb/armv7-m\libc.a(lib_a-impure.o)
                0x200000f0                _impure_ptr
 .data.lconv    0x200000f4       0x38 c:/program files (x86)/atollic/truestudio for arm pro 3.3.0/armtools/bin/../lib/gcc/arm-atollic-eabi/4.6.2/../../../../arm-atollic-eabi/lib/thumb/armv7-m\libc.a(lib_a-locale.o)
 .data.__malloc_av_
                0x2000012c      0x408 c:/program files (x86)/atollic/truestudio for arm pro 3.3.0/armtools/bin/../lib/gcc/arm-atollic-eabi/4.6.2/../../../../arm-atollic-eabi/lib/thumb/armv7-m\libc.a(lib_a-mallocr.o)
                0x2000012c                __malloc_av_
 .data.__malloc_trim_threshold
                0x20000534        0x4 c:/program files (x86)/atollic/truestudio for arm pro 3.3.0/armtools/bin/../lib/gcc/arm-atollic-eabi/4.6.2/../../../../arm-atollic-eabi/lib/thumb/armv7-m\libc.a(lib_a-mallocr.o)
                0x20000534                __malloc_trim_threshold
 .data.__malloc_sbrk_base
                0x20000538        0x4 c:/program files (x86)/atollic/truestudio for arm pro 3.3.0/armtools/bin/../lib/gcc/arm-atollic-eabi/4.6.2/../../../../arm-atollic-eabi/lib/thumb/armv7-m\libc.a(lib_a-mallocr.o)
                0x20000538                __malloc_sbrk_base
                0x2000053c                . = ALIGN (0x4)
                0x2000053c                _edata = .

.jcr            0x2000053c        0x0 load address 0x0800a654
 .jcr           0x2000053c        0x0 c:/program files (x86)/atollic/truestudio for arm pro 3.3.0/armtools/bin/../lib/gcc/arm-atollic-eabi/4.6.2/thumb/armv7-m/crtbegin.o
                0x2000053c                . = ALIGN (0x4)

.bss            0x2000053c     0x9534 load address 0x0800a654
                0x2000053c                _sbss = .
                0x2000053c                __bss_start__ = _sbss
 *(.bss)
 .bss           0x2000053c       0x1c c:/program files (x86)/atollic/truestudio for arm pro 3.3.0/armtools/bin/../lib/gcc/arm-atollic-eabi/4.6.2/thumb/armv7-m/crtbegin.o
 *(.bss*)
 .bss.OSTmrCtr  0x20000558        0x2 uCOS-II\Ports\ARM-Cortex-M3\Generic\GNU\os_cpu_c.o
 *fill*         0x2000055a        0x2 00
 .bss.BSP_SerTxWait
                0x2000055c        0x4 BSP\bsp_ser.o
 .bss.BSP_SerRxWait
                0x20000560        0x4 BSP\bsp_ser.o
 .bss.BSP_SerLock
                0x20000564        0x4 BSP\bsp_ser.o
 .bss.BSP_SerRxData
                0x20000568        0x1 BSP\bsp_ser.o
 *fill*         0x20000569        0x3 00
 .bss.BSP_IntVectTbl
                0x2000056c      0x110 BSP\bsp_int.o
 .bss.AppTaskStartStk
                0x2000067c      0x200 APP\app.o
 .bss.__malloc_max_total_mem
                0x2000087c        0x4 c:/program files (x86)/atollic/truestudio for arm pro 3.3.0/armtools/bin/../lib/gcc/arm-atollic-eabi/4.6.2/../../../../arm-atollic-eabi/lib/thumb/armv7-m\libc.a(lib_a-mallocr.o)
                0x2000087c                __malloc_max_total_mem
 .bss.__malloc_max_sbrked_mem
                0x20000880        0x4 c:/program files (x86)/atollic/truestudio for arm pro 3.3.0/armtools/bin/../lib/gcc/arm-atollic-eabi/4.6.2/../../../../arm-atollic-eabi/lib/thumb/armv7-m\libc.a(lib_a-mallocr.o)
                0x20000880                __malloc_max_sbrked_mem
 .bss.__malloc_top_pad
                0x20000884        0x4 c:/program files (x86)/atollic/truestudio for arm pro 3.3.0/armtools/bin/../lib/gcc/arm-atollic-eabi/4.6.2/../../../../arm-atollic-eabi/lib/thumb/armv7-m\libc.a(lib_a-mallocr.o)
                0x20000884                __malloc_top_pad
 .bss.__malloc_current_mallinfo
                0x20000888       0x28 c:/program files (x86)/atollic/truestudio for arm pro 3.3.0/armtools/bin/../lib/gcc/arm-atollic-eabi/4.6.2/../../../../arm-atollic-eabi/lib/thumb/armv7-m\libc.a(lib_a-mallocr.o)
                0x20000888                __malloc_current_mallinfo
 .bss.heap_end.4982
                0x200008b0        0x4 c:/program files (x86)/atollic/truestudio for arm pro 3.3.0/armtools/bin/../lib/gcc/arm-atollic-eabi/4.6.2/../../../../arm-atollic-eabi/lib/thumb/armv7-m\libc.a(lib_a-syscalls.o)
 *(COMMON)
 COMMON         0x200008b4     0x2354 uCOS-II\Source\os_core.o
                0x200008b4                OSTmrFreeList
                0x200008b8                OSTmrWheelTbl
                0x200008f8                OSLockNesting
                0x200008fc                OSTmrSemSignal
                0x20000900                OSTaskRegNextAvailID
                0x20000901                OSRunning
                0x20000904                OSIdleCtr
                0x20000908                OSTmrUsed
                0x2000090a                OSPrioHighRdy
                0x2000090c                OSFlagTbl
                0x2000095c                OSTmrTbl
                0x20000bdc                OSPrioCur
                0x20000be0                OSTCBList
                0x20000be4                OSTickStepState
                0x20000be8                OSMemTbl
                0x20000c60                OSTaskStatStk
                0x20000e60                OSCtxSwCtr
                0x20000e64                OSTmrFree
                0x20000e68                OSIdleCtrMax
                0x20000e6c                OSTCBFreeList
                0x20000e70                OSCPUUsage
                0x20000e71                OSTaskCtr
                0x20000e74                OSMemFreeList
                0x20000e78                OSQTbl
                0x20000ed8                OSTCBHighRdy
                0x20000edc                OSQFreeList
                0x20000ee0                OSRdyGrp
                0x20000ee4                OSRdyTbl
                0x20000eec                OSTmrTaskStk
                0x200010ec                OSEventFreeList
                0x200010f0                OSIntNesting
                0x200010f4                OSTCBCur
                0x200010f8                OSTmrTime
                0x200010fc                OSTime
                0x20001100                OSTmrSem
                0x20001104                OSTaskIdleStk
                0x20001304                OSEventTbl
                0x2000236c                OSTCBTbl
                0x20002afc                OSFlagFreeList
                0x20002b00                OSStatRdy
                0x20002b04                OSTCBPrioTbl
                0x20002c04                OSIdleCtrRun
 COMMON         0x20002c08      0x204 uCOS-II\Ports\ARM-Cortex-M3\Generic\GNU\os_cpu_c.o
                0x20002c08                OS_CPU_ExceptStkBase
                0x20002c0c                OS_CPU_ExceptStk
 COMMON         0x20002e0c     0x6c4c uC-LIB\lib_mem.o
                0x20002e0c                Mem_PoolHeap
                0x20002e54                Mem_Heap
                0x20009a54                Mem_PoolTbl
 COMMON         0x20009a58       0x10 uC-CPU\cpu_core.o
                0x20009a58                CPU_Name
 COMMON         0x20009a68        0x4 BSP\bsp.o
                0x20009a68                BSP_CPU_ClkFreq_MHz
 COMMON         0x20009a6c        0x4 c:/program files (x86)/atollic/truestudio for arm pro 3.3.0/armtools/bin/../lib/gcc/arm-atollic-eabi/4.6.2/../../../../arm-atollic-eabi/lib/thumb/armv7-m\libc.a(lib_a-reent.o)
                0x20009a6c                errno
                0x20009a70                . = ALIGN (0x4)
                0x20009a70                _ebss = .
                0x20009a70                __bss_end__ = _ebss

._user_heap_stack
                0x20009a70      0x200 load address 0x08013b88
                0x20009a70                . = ALIGN (0x4)
                0x20009a70                PROVIDE (end, .)
                0x20009a70                PROVIDE (_end, .)
                0x20009a70                . = (. + _Min_Heap_Size)
                0x20009c70                . = (. + _Min_Stack_Size)
 *fill*         0x20009a70      0x200 00
                0x20009c70                . = ALIGN (0x4)

.memory_b1_text
 *(.mb1text)
 *(.mb1text*)
 *(.mb1rodata)
 *(.mb1rodata*)

/DISCARD/
 libc.a(*)
 libm.a(*)
 libgcc.a(*)

.ARM.attributes
                0x00000000       0x29
 *(.ARM.attributes)
 .ARM.attributes
                0x00000000       0x1d c:/program files (x86)/atollic/truestudio for arm pro 3.3.0/armtools/bin/../lib/gcc/arm-atollic-eabi/4.6.2/thumb/armv7-m/crti.o
 .ARM.attributes
                0x0000001d       0x2d c:/program files (x86)/atollic/truestudio for arm pro 3.3.0/armtools/bin/../lib/gcc/arm-atollic-eabi/4.6.2/thumb/armv7-m/crtbegin.o
 .ARM.attributes
                0x0000004a       0x33 uCOS-II\Source\os_tmr.o
 .ARM.attributes
                0x0000007d       0x33 uCOS-II\Source\os_time.o
 .ARM.attributes
                0x000000b0       0x33 uCOS-II\Source\os_task.o
 .ARM.attributes
                0x000000e3       0x33 uCOS-II\Source\os_sem.o
 .ARM.attributes
                0x00000116       0x33 uCOS-II\Source\os_q.o
 .ARM.attributes
                0x00000149       0x33 uCOS-II\Source\os_mutex.o
 .ARM.attributes
                0x0000017c       0x33 uCOS-II\Source\os_mem.o
 .ARM.attributes
                0x000001af       0x33 uCOS-II\Source\os_mbox.o
 .ARM.attributes
                0x000001e2       0x33 uCOS-II\Source\os_flag.o
 .ARM.attributes
                0x00000215       0x33 uCOS-II\Source\os_core.o
 .ARM.attributes
                0x00000248       0x33 uCOS-II\Ports\ARM-Cortex-M3\Generic\GNU\os_dbg.o
 .ARM.attributes
                0x0000027b       0x33 uCOS-II\Ports\ARM-Cortex-M3\Generic\GNU\os_cpu_c.o
 .ARM.attributes
                0x000002ae       0x21 uCOS-II\Ports\ARM-Cortex-M3\Generic\GNU\os_cpu_a.o
 .ARM.attributes
                0x000002cf       0x33 uC-LIB\lib_str.o
 .ARM.attributes
                0x00000302       0x33 uC-LIB\lib_mem.o
 .ARM.attributes
                0x00000335       0x33 uC-LIB\lib_math.o
 .ARM.attributes
                0x00000368       0x33 uC-LIB\lib_ascii.o
 .ARM.attributes
                0x0000039b       0x21 uC-LIB\Ports\ARM-Cortex-M3\GNU\lib_mem_a.o
 .ARM.attributes
                0x000003bc       0x33 uC-CPU\cpu_core.o
 .ARM.attributes
                0x000003ef       0x33 uC-CPU\ARM-Cortex-M3\GNU\cpu_c.o
 .ARM.attributes
                0x00000422       0x21 uC-CPU\ARM-Cortex-M3\GNU\cpu_a.o
 .ARM.attributes
                0x00000443       0x21 BSP\cstartup.o
 .ARM.attributes
                0x00000464       0x33 BSP\bsp_stlm75.o
 .ARM.attributes
                0x00000497       0x33 BSP\bsp_ser.o
 .ARM.attributes
                0x000004ca       0x33 BSP\bsp_periph.o
 .ARM.attributes
                0x000004fd       0x33 BSP\bsp_int.o
 .ARM.attributes
                0x00000530       0x33 BSP\bsp_i2c.o
 .ARM.attributes
                0x00000563       0x33 BSP\bsp.o
 .ARM.attributes
                0x00000596       0x33 BSP\ST\STM32\src\stm32f10x_wwdg.o
 .ARM.attributes
                0x000005c9       0x33 BSP\ST\STM32\src\stm32f10x_usart.o
 .ARM.attributes
                0x000005fc       0x33 BSP\ST\STM32\src\stm32f10x_tim.o
 .ARM.attributes
                0x0000062f       0x33 BSP\ST\STM32\src\stm32f10x_systick.o
 .ARM.attributes
                0x00000662       0x33 BSP\ST\STM32\src\stm32f10x_spi.o
 .ARM.attributes
                0x00000695       0x33 BSP\ST\STM32\src\stm32f10x_sdio.o
 .ARM.attributes
                0x000006c8       0x33 BSP\ST\STM32\src\stm32f10x_rtc.o
 .ARM.attributes
                0x000006fb       0x33 BSP\ST\STM32\src\stm32f10x_rcc.o
 .ARM.attributes
                0x0000072e       0x33 BSP\ST\STM32\src\stm32f10x_pwr.o
 .ARM.attributes
                0x00000761       0x33 BSP\ST\STM32\src\stm32f10x_nvic.o
 .ARM.attributes
                0x00000794       0x33 BSP\ST\STM32\src\stm32f10x_lib.o
 .ARM.attributes
                0x000007c7       0x33 BSP\ST\STM32\src\stm32f10x_iwdg.o
 .ARM.attributes
                0x000007fa       0x33 BSP\ST\STM32\src\stm32f10x_i2c.o
 .ARM.attributes
                0x0000082d       0x33 BSP\ST\STM32\src\stm32f10x_gpio.o
 .ARM.attributes
                0x00000860       0x33 BSP\ST\STM32\src\stm32f10x_fsmc.o
 .ARM.attributes
                0x00000893       0x33 BSP\ST\STM32\src\stm32f10x_flash.o
 .ARM.attributes
                0x000008c6       0x33 BSP\ST\STM32\src\stm32f10x_exti.o
 .ARM.attributes
                0x000008f9       0x33 BSP\ST\STM32\src\stm32f10x_dma.o
 .ARM.attributes
                0x0000092c       0x33 BSP\ST\STM32\src\stm32f10x_dbgmcu.o
 .ARM.attributes
                0x0000095f       0x33 BSP\ST\STM32\src\stm32f10x_dac.o
 .ARM.attributes
                0x00000992       0x33 BSP\ST\STM32\src\stm32f10x_crc.o
 .ARM.attributes
                0x000009c5       0x33 BSP\ST\STM32\src\stm32f10x_can.o
 .ARM.attributes
                0x000009f8       0x33 BSP\ST\STM32\src\stm32f10x_bkp.o
 .ARM.attributes
                0x00000a2b       0x33 BSP\ST\STM32\src\stm32f10x_adc.o
 .ARM.attributes
                0x00000a5e       0x33 BSP\OS\bsp_os.o
 .ARM.attributes
                0x00000a91       0x33 APP\app_hooks.o
 .ARM.attributes
                0x00000ac4       0x33 APP\app.o
 .ARM.attributes
                0x00000af7       0x2d c:/program files (x86)/atollic/truestudio for arm pro 3.3.0/armtools/bin/../lib/gcc/arm-atollic-eabi/4.6.2/../../../../arm-atollic-eabi/lib/thumb/armv7-m\libc.a(lib_a-init.o)
 .ARM.attributes
                0x00000b24       0x2d c:/program files (x86)/atollic/truestudio for arm pro 3.3.0/armtools/bin/../lib/gcc/arm-atollic-eabi/4.6.2/../../../../arm-atollic-eabi/lib/thumb/armv7-m\libc.a(lib_a-vsnprintf.o)
 .ARM.attributes
                0x00000b51       0x2d c:/program files (x86)/atollic/truestudio for arm pro 3.3.0/armtools/bin/../lib/gcc/arm-atollic-eabi/4.6.2/../../../../arm-atollic-eabi/lib/thumb/armv7-m\libc.a(lib_a-impure.o)
 .ARM.attributes
                0x00000b7e       0x2d c:/program files (x86)/atollic/truestudio for arm pro 3.3.0/armtools/bin/../lib/gcc/arm-atollic-eabi/4.6.2/../../../../arm-atollic-eabi/lib/thumb/armv7-m\libc.a(lib_a-svfprintf.o)
 .ARM.attributes
                0x00000bab       0x2d c:/program files (x86)/atollic/truestudio for arm pro 3.3.0/armtools/bin/../lib/gcc/arm-atollic-eabi/4.6.2/../../../../arm-atollic-eabi/lib/thumb/armv7-m\libc.a(lib_a-dtoa.o)
 .ARM.attributes
                0x00000bd8       0x2d c:/program files (x86)/atollic/truestudio for arm pro 3.3.0/armtools/bin/../lib/gcc/arm-atollic-eabi/4.6.2/../../../../arm-atollic-eabi/lib/thumb/armv7-m\libc.a(lib_a-locale.o)
 .ARM.attributes
                0x00000c05       0x2d c:/program files (x86)/atollic/truestudio for arm pro 3.3.0/armtools/bin/../lib/gcc/arm-atollic-eabi/4.6.2/../../../../arm-atollic-eabi/lib/thumb/armv7-m\libc.a(lib_a-malloc.o)
 .ARM.attributes
                0x00000c32       0x2d c:/program files (x86)/atollic/truestudio for arm pro 3.3.0/armtools/bin/../lib/gcc/arm-atollic-eabi/4.6.2/../../../../arm-atollic-eabi/lib/thumb/armv7-m\libc.a(lib_a-mallocr.o)
 .ARM.attributes
                0x00000c5f       0x2d c:/program files (x86)/atollic/truestudio for arm pro 3.3.0/armtools/bin/../lib/gcc/arm-atollic-eabi/4.6.2/../../../../arm-atollic-eabi/lib/thumb/armv7-m\libc.a(lib_a-memchr.o)
 .ARM.attributes
                0x00000c8c       0x2d c:/program files (x86)/atollic/truestudio for arm pro 3.3.0/armtools/bin/../lib/gcc/arm-atollic-eabi/4.6.2/../../../../arm-atollic-eabi/lib/thumb/armv7-m\libc.a(lib_a-memcpy.o)
 .ARM.attributes
                0x00000cb9       0x2d c:/program files (x86)/atollic/truestudio for arm pro 3.3.0/armtools/bin/../lib/gcc/arm-atollic-eabi/4.6.2/../../../../arm-atollic-eabi/lib/thumb/armv7-m\libc.a(lib_a-mlock.o)
 .ARM.attributes
                0x00000ce6       0x2d c:/program files (x86)/atollic/truestudio for arm pro 3.3.0/armtools/bin/../lib/gcc/arm-atollic-eabi/4.6.2/../../../../arm-atollic-eabi/lib/thumb/armv7-m\libc.a(lib_a-mprec.o)
 .ARM.attributes
                0x00000d13       0x2d c:/program files (x86)/atollic/truestudio for arm pro 3.3.0/armtools/bin/../lib/gcc/arm-atollic-eabi/4.6.2/../../../../arm-atollic-eabi/lib/thumb/armv7-m\libc.a(lib_a-s_fpclassify.o)
 .ARM.attributes
                0x00000d40       0x2d c:/program files (x86)/atollic/truestudio for arm pro 3.3.0/armtools/bin/../lib/gcc/arm-atollic-eabi/4.6.2/../../../../arm-atollic-eabi/lib/thumb/armv7-m\libc.a(lib_a-sbrkr.o)
 .ARM.attributes
                0x00000d6d       0x2d c:/program files (x86)/atollic/truestudio for arm pro 3.3.0/armtools/bin/../lib/gcc/arm-atollic-eabi/4.6.2/../../../../arm-atollic-eabi/lib/thumb/armv7-m\libc.a(lib_a-strcmp.o)
 .ARM.attributes
                0x00000d9a       0x2d c:/program files (x86)/atollic/truestudio for arm pro 3.3.0/armtools/bin/../lib/gcc/arm-atollic-eabi/4.6.2/../../../../arm-atollic-eabi/lib/thumb/armv7-m\libc.a(lib_a-strlen.o)
 .ARM.attributes
                0x00000dc7       0x2d c:/program files (x86)/atollic/truestudio for arm pro 3.3.0/armtools/bin/../lib/gcc/arm-atollic-eabi/4.6.2/../../../../arm-atollic-eabi/lib/thumb/armv7-m\libc.a(lib_a-svfiprintf.o)
 .ARM.attributes
                0x00000df4       0x2d c:/program files (x86)/atollic/truestudio for arm pro 3.3.0/armtools/bin/../lib/gcc/arm-atollic-eabi/4.6.2/../../../../arm-atollic-eabi/lib/thumb/armv7-m\libc.a(lib_a-syscalls.o)
 .ARM.attributes
                0x00000e21       0x2d c:/program files (x86)/atollic/truestudio for arm pro 3.3.0/armtools/bin/../lib/gcc/arm-atollic-eabi/4.6.2/../../../../arm-atollic-eabi/lib/thumb/armv7-m\libc.a(lib_a-callocr.o)
 .ARM.attributes
                0x00000e4e       0x2d c:/program files (x86)/atollic/truestudio for arm pro 3.3.0/armtools/bin/../lib/gcc/arm-atollic-eabi/4.6.2/../../../../arm-atollic-eabi/lib/thumb/armv7-m\libc.a(lib_a-freer.o)
 .ARM.attributes
                0x00000e7b       0x2d c:/program files (x86)/atollic/truestudio for arm pro 3.3.0/armtools/bin/../lib/gcc/arm-atollic-eabi/4.6.2/../../../../arm-atollic-eabi/lib/thumb/armv7-m\libc.a(lib_a-memmove.o)
 .ARM.attributes
                0x00000ea8       0x2d c:/program files (x86)/atollic/truestudio for arm pro 3.3.0/armtools/bin/../lib/gcc/arm-atollic-eabi/4.6.2/../../../../arm-atollic-eabi/lib/thumb/armv7-m\libc.a(lib_a-memset.o)
 .ARM.attributes
                0x00000ed5       0x2d c:/program files (x86)/atollic/truestudio for arm pro 3.3.0/armtools/bin/../lib/gcc/arm-atollic-eabi/4.6.2/../../../../arm-atollic-eabi/lib/thumb/armv7-m\libc.a(lib_a-reallocr.o)
 .ARM.attributes
                0x00000f02       0x2d c:/program files (x86)/atollic/truestudio for arm pro 3.3.0/armtools/bin/../lib/gcc/arm-atollic-eabi/4.6.2/../../../../arm-atollic-eabi/lib/thumb/armv7-m\libc.a(lib_a-reent.o)
 .ARM.attributes
                0x00000f2f       0x1d c:/program files (x86)/atollic/truestudio for arm pro 3.3.0/armtools/bin/../lib/gcc/arm-atollic-eabi/4.6.2/thumb/armv7-m\libgcc.a(_arm_addsubdf3.o)
 .ARM.attributes
                0x00000f4c       0x1d c:/program files (x86)/atollic/truestudio for arm pro 3.3.0/armtools/bin/../lib/gcc/arm-atollic-eabi/4.6.2/thumb/armv7-m\libgcc.a(_arm_muldivdf3.o)
 .ARM.attributes
                0x00000f69       0x1d c:/program files (x86)/atollic/truestudio for arm pro 3.3.0/armtools/bin/../lib/gcc/arm-atollic-eabi/4.6.2/thumb/armv7-m\libgcc.a(_arm_cmpdf2.o)
 .ARM.attributes
                0x00000f86       0x1d c:/program files (x86)/atollic/truestudio for arm pro 3.3.0/armtools/bin/../lib/gcc/arm-atollic-eabi/4.6.2/thumb/armv7-m\libgcc.a(_arm_fixdfsi.o)
 .ARM.attributes
                0x00000fa3       0x1d c:/program files (x86)/atollic/truestudio for arm pro 3.3.0/armtools/bin/../lib/gcc/arm-atollic-eabi/4.6.2/thumb/armv7-m\libgcc.a(_aeabi_uldivmod.o)
 .ARM.attributes
                0x00000fc0       0x2d c:/program files (x86)/atollic/truestudio for arm pro 3.3.0/armtools/bin/../lib/gcc/arm-atollic-eabi/4.6.2/thumb/armv7-m\libgcc.a(bpabi.o)
 .ARM.attributes
                0x00000fed       0x2d c:/program files (x86)/atollic/truestudio for arm pro 3.3.0/armtools/bin/../lib/gcc/arm-atollic-eabi/4.6.2/thumb/armv7-m\libgcc.a(unwind-arm.o)
 .ARM.attributes
                0x0000101a       0x1d c:/program files (x86)/atollic/truestudio for arm pro 3.3.0/armtools/bin/../lib/gcc/arm-atollic-eabi/4.6.2/thumb/armv7-m\libgcc.a(libunwind.o)
 .ARM.attributes
                0x00001037       0x2d c:/program files (x86)/atollic/truestudio for arm pro 3.3.0/armtools/bin/../lib/gcc/arm-atollic-eabi/4.6.2/thumb/armv7-m\libgcc.a(pr-support.o)
 .ARM.attributes
                0x00001064       0x1d c:/program files (x86)/atollic/truestudio for arm pro 3.3.0/armtools/bin/../lib/gcc/arm-atollic-eabi/4.6.2/thumb/armv7-m\libgcc.a(_dvmd_tls.o)
 .ARM.attributes
                0x00001081       0x2d c:/program files (x86)/atollic/truestudio for arm pro 3.3.0/armtools/bin/../lib/gcc/arm-atollic-eabi/4.6.2/thumb/armv7-m\libgcc.a(_divdi3.o)
 .ARM.attributes
                0x000010ae       0x2d c:/program files (x86)/atollic/truestudio for arm pro 3.3.0/armtools/bin/../lib/gcc/arm-atollic-eabi/4.6.2/thumb/armv7-m\libgcc.a(_udivdi3.o)
 .ARM.attributes
                0x000010db       0x2d c:/program files (x86)/atollic/truestudio for arm pro 3.3.0/armtools/bin/../lib/gcc/arm-atollic-eabi/4.6.2/../../../../arm-atollic-eabi/lib/thumb/armv7-m\libc.a(lib_a-abort.o)
 .ARM.attributes
                0x00001108       0x2d c:/program files (x86)/atollic/truestudio for arm pro 3.3.0/armtools/bin/../lib/gcc/arm-atollic-eabi/4.6.2/../../../../arm-atollic-eabi/lib/thumb/armv7-m\libc.a(lib_a-signal.o)
 .ARM.attributes
                0x00001135       0x2d c:/program files (x86)/atollic/truestudio for arm pro 3.3.0/armtools/bin/../lib/gcc/arm-atollic-eabi/4.6.2/../../../../arm-atollic-eabi/lib/thumb/armv7-m\libc.a(lib_a-signalr.o)
 .ARM.attributes
                0x00001162       0x2d c:/program files (x86)/atollic/truestudio for arm pro 3.3.0/armtools/bin/../lib/gcc/arm-atollic-eabi/4.6.2/thumb/armv7-m/crtend.o
 .ARM.attributes
                0x0000118f       0x1d c:/program files (x86)/atollic/truestudio for arm pro 3.3.0/armtools/bin/../lib/gcc/arm-atollic-eabi/4.6.2/thumb/armv7-m/crtn.o
OUTPUT(uCOS-II.elf elf32-littlearm)

.debug_info     0x00000000    0x17b34
 .debug_info    0x00000000      0xadd uCOS-II\Source\os_tmr.o
 .debug_info    0x00000add      0x5e5 uCOS-II\Source\os_time.o
 .debug_info    0x000010c2      0xc3a uCOS-II\Source\os_task.o
 .debug_info    0x00001cfc      0x74a uCOS-II\Source\os_sem.o
 .debug_info    0x00002446      0x9e1 uCOS-II\Source\os_q.o
 .debug_info    0x00002e27      0x832 uCOS-II\Source\os_mutex.o
 .debug_info    0x00003659      0x47e uCOS-II\Source\os_mem.o
 .debug_info    0x00003ad7      0x770 uCOS-II\Source\os_mbox.o
 .debug_info    0x00004247      0xad3 uCOS-II\Source\os_flag.o
 .debug_info    0x00004d1a     0x14b3 uCOS-II\Source\os_core.o
 .debug_info    0x000061cd     0x1209 uCOS-II\Ports\ARM-Cortex-M3\Generic\GNU\os_dbg.o
 .debug_info    0x000073d6      0x636 uCOS-II\Ports\ARM-Cortex-M3\Generic\GNU\os_cpu_c.o
 .debug_info    0x00007a0c       0xef uCOS-II\Ports\ARM-Cortex-M3\Generic\GNU\os_cpu_a.o
 .debug_info    0x00007afb      0xda5 uC-LIB\lib_str.o
 .debug_info    0x000088a0      0xedd uC-LIB\lib_mem.o
 .debug_info    0x0000977d      0x184 uC-LIB\lib_math.o
 .debug_info    0x00009901      0x461 uC-LIB\lib_ascii.o
 .debug_info    0x00009d62       0xe3 uC-LIB\Ports\ARM-Cortex-M3\GNU\lib_mem_a.o
 .debug_info    0x00009e45      0x491 uC-CPU\cpu_core.o
 .debug_info    0x0000a2d6      0x3b1 uC-CPU\ARM-Cortex-M3\GNU\cpu_c.o
 .debug_info    0x0000a687       0xdb uC-CPU\ARM-Cortex-M3\GNU\cpu_a.o
 .debug_info    0x0000a762       0xc5 BSP\cstartup.o
 .debug_info    0x0000a827      0x36f BSP\bsp_stlm75.o
 .debug_info    0x0000ab96      0x75f BSP\bsp_ser.o
 .debug_info    0x0000b2f5      0x131 BSP\bsp_periph.o
 .debug_info    0x0000b426      0x7bf BSP\bsp_int.o
 .debug_info    0x0000bbe5      0x80a BSP\bsp_i2c.o
 .debug_info    0x0000c3ef      0x3f2 BSP\bsp.o
 .debug_info    0x0000c7e1      0x20a BSP\ST\STM32\src\stm32f10x_wwdg.o
 .debug_info    0x0000c9eb      0x9bd BSP\ST\STM32\src\stm32f10x_usart.o
 .debug_info    0x0000d3a8     0x1d9c BSP\ST\STM32\src\stm32f10x_tim.o
 .debug_info    0x0000f144      0x217 BSP\ST\STM32\src\stm32f10x_systick.o
 .debug_info    0x0000f35b      0xa0e BSP\ST\STM32\src\stm32f10x_spi.o
 .debug_info    0x0000fd69      0x84e BSP\ST\STM32\src\stm32f10x_sdio.o
 .debug_info    0x000105b7      0x424 BSP\ST\STM32\src\stm32f10x_rtc.o
 .debug_info    0x000109db      0xb9c BSP\ST\STM32\src\stm32f10x_rcc.o
 .debug_info    0x00011577      0x26f BSP\ST\STM32\src\stm32f10x_pwr.o
 .debug_info    0x000117e6      0x944 BSP\ST\STM32\src\stm32f10x_nvic.o
 .debug_info    0x0001212a       0x57 BSP\ST\STM32\src\stm32f10x_lib.o
 .debug_info    0x00012181      0x1c7 BSP\ST\STM32\src\stm32f10x_iwdg.o
 .debug_info    0x00012348      0xb24 BSP\ST\STM32\src\stm32f10x_i2c.o
 .debug_info    0x00012e6c      0x6c6 BSP\ST\STM32\src\stm32f10x_gpio.o
 .debug_info    0x00013532      0x967 BSP\ST\STM32\src\stm32f10x_fsmc.o