<html>
<body>
<pre>
<h1>µVision Build Log</h1>
<h2>Project:</h2>
C:\Users\daniel01\Desktop\FastFile Test Folder\Micrium\Software\EvalBoards\Micrium\uC-Eval-STM32F107\uCOS-II\KeilMDK\uCOS-II.uvproj
Project File Date:  02/08/2013

<h2>Output:</h2>
Build target 'FLASH'
compiling app.c...
compiling app_hooks.c...
compiling bsp.c...
compiling bsp_i2c.c...
compiling bsp_int.c...
compiling bsp_periph.c...
compiling bsp_ser.c...
compiling bsp_stlm75.c...
compiling bsp_os.c...
assembling cstartup.s...
compiling cpu_core.c...
assembling cpu_a.asm...
compiling cpu_c.c...
compiling lib_ascii.c...
compiling lib_math.c...
compiling lib_mem.c...
compiling lib_str.c...
assembling lib_mem_a.asm...
lib_mem_a.asm: error: A1023E: File "..\..\..\..\..\uC-LIB\Ports\ARM-Cortex-M4\RealView\lib_mem_a.asm" could not be opened: No such file or directory
Target not created
Build target 'FLASH'
assembling lib_mem_a.s...
..\..\..\..\..\uC-LIB\Ports\ARM-Cortex-M3\GNU\lib_mem_a.s(1): error: A1167E: Invalid line start 
..\..\..\..\..\uC-LIB\Ports\ARM-Cortex-M3\GNU\lib_mem_a.s(2): error: A1163E: Unknown opcode uC/LIB , expecting opcode or Macro
..\..\..\..\..\uC-LIB\Ports\ARM-Cortex-M3\GNU\lib_mem_a.s(3): error: A1163E: Unknown opcode CUSTOM , expecting opcode or Macro
..\..\..\..\..\uC-LIB\Ports\ARM-Cortex-M3\GNU\lib_mem_a.s(4): error: A1167E: Invalid line start 
..\..\..\..\..\uC-LIB\Ports\ARM-Cortex-M3\GNU\lib_mem_a.s(5): error: A1167E: Invalid line start 
..\..\..\..\..\uC-LIB\Ports\ARM-Cortex-M3\GNU\lib_mem_a.s(6): error: A1167E: Invalid line start 
..\..\..\..\..\uC-LIB\Ports\ARM-Cortex-M3\GNU\lib_mem_a.s(7): error: A1163E: Unknown opcode All , expecting opcode or Macro
..\..\..\..\..\uC-LIB\Ports\ARM-Cortex-M3\GNU\lib_mem_a.s(8): error: A1167E: Invalid line start 
..\..\..\..\..\uC-LIB\Ports\ARM-Cortex-M3\GNU\lib_mem_a.s(9): error: A1163E: Unknown opcode uC/LIB , expecting opcode or Macro
..\..\..\..\..\uC-LIB\Ports\ARM-Cortex-M3\GNU\lib_mem_a.s(10): error: A1163E: Unknown opcode illegal , expecting opcode or Macro
..\..\..\..\..\uC-LIB\Ports\ARM-Cortex-M3\GNU\lib_mem_a.s(11): error: A1163E: Unknown opcode written , expecting opcode or Macro
..\..\..\..\..\uC-LIB\Ports\ARM-Cortex-M3\GNU\lib_mem_a.s(12): error: A1163E: Unknown opcode the , expecting opcode or Macro
..\..\..\..\..\uC-LIB\Ports\ARM-Cortex-M3\GNU\lib_mem_a.s(13): error: A1167E: Invalid line start 
..\..\..\..\..\uC-LIB\Ports\ARM-Cortex-M3\GNU\lib_mem_a.s(14): error: A1163E: Unknown opcode Please , expecting opcode or Macro
..\..\..\..\..\uC-LIB\Ports\ARM-Cortex-M3\GNU\lib_mem_a.s(15): error: A1163E: Unknown opcode software , expecting opcode or Macro
..\..\..\..\..\uC-LIB\Ports\ARM-Cortex-M3\GNU\lib_mem_a.s(16): error: A1167E: Invalid line start 
..\..\..\..\..\uC-LIB\Ports\ARM-Cortex-M3\GNU\lib_mem_a.s(17): error: A1163E: Unknown opcode You , expecting opcode or Macro
..\..\..\..\..\uC-LIB\Ports\ARM-Cortex-M3\GNU\lib_mem_a.s(18): error: A1167E: Invalid line start 
..\..\..\..\..\uC-LIB\Ports\ARM-Cortex-M3\GNU\lib_mem_a.s(21): error: A1167E: Invalid line start 
..\..\..\..\..\uC-LIB\Ports\ARM-Cortex-M3\GNU\lib_mem_a.s(22): error: A1167E: Invalid line start 
..\..\..\..\..\uC-LIB\Ports\ARM-Cortex-M3\GNU\lib_mem_a.s(23): error: A1163E: Unknown opcode STANDARD , expecting opcode or Macro
..\..\..\..\..\uC-LIB\Ports\ARM-Cortex-M3\GNU\lib_mem_a.s(24): error: A1167E: Invalid line start 
..\..\..\..\..\uC-LIB\Ports\ARM-Cortex-M3\GNU\lib_mem_a.s(25): error: A1163E: Unknown opcode ARM-Cortex-M3 , expecting opcode or Macro
..\..\..\..\..\uC-LIB\Ports\ARM-Cortex-M3\GNU\lib_mem_a.s(26): error: A1163E: Unknown opcode GNU , expecting opcode or Macro
..\..\..\..\..\uC-LIB\Ports\ARM-Cortex-M3\GNU\lib_mem_a.s(27): error: A1167E: Invalid line start 
..\..\..\..\..\uC-LIB\Ports\ARM-Cortex-M3\GNU\lib_mem_a.s(28): error: A1163E: Unknown opcode Filename , expecting opcode or Macro
..\..\..\..\..\uC-LIB\Ports\ARM-Cortex-M3\GNU\lib_mem_a.s(29): error: A1163E: Unknown opcode Version , expecting opcode or Macro
..\..\..\..\..\uC-LIB\Ports\ARM-Cortex-M3\GNU\lib_mem_a.s(30): error: A1163E: Unknown opcode Programmer(s) , expecting opcode or Macro
..\..\..\..\..\uC-LIB\Ports\ARM-Cortex-M3\GNU\lib_mem_a.s(31): error: A1163E: Unknown opcode DC , expecting opcode or Macro
..\..\..\..\..\uC-LIB\Ports\ARM-Cortex-M3\GNU\lib_mem_a.s(32): error: A1167E: Invalid line start 
..\..\..\..\..\uC-LIB\Ports\ARM-Cortex-M3\GNU\lib_mem_a.s(33): error: A1163E: Unknown opcode Note(s) , expecting opcode or Macro
..\..\..\..\..\uC-LIB\Ports\ARM-Cortex-M3\GNU\lib_mem_a.s(34): error: A1167E: Invalid line start 
..\..\..\..\..\uC-LIB\Ports\ARM-Cortex-M3\GNU\lib_mem_a.s(35): error: A1167E: Invalid line start 
..\..\..\..\..\uC-LIB\Ports\ARM-Cortex-M3\GNU\lib_mem_a.s(36): error: A1167E: Invalid line start 
..\..\..\..\..\uC-LIB\Ports\ARM-Cortex-M3\GNU\lib_mem_a.s(37): error: A1167E: Invalid line start 
..\..\..\..\..\uC-LIB\Ports\ARM-Cortex-M3\GNU\lib_mem_a.s(38): error: A1167E: Invalid line start 
..\..\..\..\..\uC-LIB\Ports\ARM-Cortex-M3\GNU\lib_mem_a.s(39): error: A1167E: Invalid line start 
..\..\..\..\..\uC-LIB\Ports\ARM-Cortex-M3\GNU\lib_mem_a.s(40): error: A1167E: Invalid line start 
..\..\..\..\..\uC-LIB\Ports\ARM-Cortex-M3\GNU\lib_mem_a.s(41): error: A1163E: Unknown opcode where , expecting opcode or Macro
..\..\..\..\..\uC-LIB\Ports\ARM-Cortex-M3\GNU\lib_mem_a.s(42): error: A1167E: Invalid line start 
..\..\..\..\..\uC-LIB\Ports\ARM-Cortex-M3\GNU\lib_mem_a.s(43): error: A1167E: Invalid line start 
..\..\..\..\..\uC-LIB\Ports\ARM-Cortex-M3\GNU\lib_mem_a.s(44): error: A1167E: Invalid line start 
..\..\..\..\..\uC-LIB\Ports\ARM-Cortex-M3\GNU\lib_mem_a.s(45): error: A1167E: Invalid line start 
..\..\..\..\..\uC-LIB\Ports\ARM-Cortex-M3\GNU\lib_mem_a.s(46): error: A1167E: Invalid line start 
..\..\..\..\..\uC-LIB\Ports\ARM-Cortex-M3\GNU\lib_mem_a.s(47): error: A1167E: Invalid line start 
..\..\..\..\..\uC-LIB\Ports\ARM-Cortex-M3\GNU\lib_mem_a.s(48): error: A1167E: Invalid line start 
..\..\..\..\..\uC-LIB\Ports\ARM-Cortex-M3\GNU\lib_mem_a.s(49): error: A1167E: Invalid line start 
..\..\..\..\..\uC-LIB\Ports\ARM-Cortex-M3\GNU\lib_mem_a.s(52): error: A1167E: Invalid line start 
..\..\..\..\..\uC-LIB\Ports\ARM-Cortex-M3\GNU\lib_mem_a.s(53): error: A1163E: Unknown opcode PUBLIC , expecting opcode or Macro
..\..\..\..\..\uC-LIB\Ports\ARM-Cortex-M3\GNU\lib_mem_a.s(54): error: A1167E: Invalid line start 
compiling os_core.c...
compiling os_flag.c...
compiling os_mbox.c...
compiling os_mem.c...
compiling os_mutex.c...
compiling os_q.c...
compiling os_sem.c...
compiling os_task.c...
compiling os_time.c...
compiling os_tmr.c...
assembling os_cpu_a.asm...
compiling os_cpu_c.c...
compiling os_dbg.c...
compiling stm32f10x_adc.c...
compiling stm32f10x_bkp.c...
compiling stm32f10x_can.c...
compiling stm32f10x_crc.c...
compiling stm32f10x_dac.c...
compiling stm32f10x_dbgmcu.c...
compiling stm32f10x_dma.c...
compiling stm32f10x_exti.c...
compiling stm32f10x_flash.c...
compiling stm32f10x_fsmc.c...
compiling stm32f10x_gpio.c...
compiling stm32f10x_i2c.c...
compiling stm32f10x_iwdg.c...
compiling stm32f10x_lib.c...
compiling stm32f10x_rcc.c...
compiling stm32f10x_rtc.c...
compiling stm32f10x_sdio.c...
compiling stm32f10x_spi.c...
compiling stm32f10x_systick.c...
compiling stm32f10x_tim.c...
compiling stm32f10x_usart.c...
compiling stm32f10x_wwdg.c...
Target not created
Clean started: Project: 'uCOS-II'
   deleting intermediate output files for target 'FLASH'
Clean started: Project: 'uCOS-II'
   deleting intermediate output files for target 'FLASH'
Build target 'FLASH'
compiling app.c...
compiling app_hooks.c...
compiling bsp.c...
compiling bsp_i2c.c...
compiling bsp_int.c...
compiling bsp_periph.c...
compiling bsp_ser.c...
compiling bsp_stlm75.c...
compiling bsp_os.c...
assembling cstartup.s...
compiling cpu_core.c...
assembling cpu_a.asm...
compiling cpu_c.c...
compiling lib_ascii.c...
compiling lib_math.c...
compiling lib_mem.c...
compiling lib_str.c...
assembling lib_mem_a.s...
..\..\..\..\..\uC-LIB\Ports\ARM-Cortex-M3\GNU\lib_mem_a.s(1): error: A1167E: Invalid line start 
..\..\..\..\..\uC-LIB\Ports\ARM-Cortex-M3\GNU\lib_mem_a.s(2): error: A1163E: Unknown opcode uC/LIB , expecting opcode or Macro
..\..\..\..\..\uC-LIB\Ports\ARM-Cortex-M3\GNU\lib_mem_a.s(3): error: A1163E: Unknown opcode CUSTOM , expecting opcode or Macro
..\..\..\..\..\uC-LIB\Ports\ARM-Cortex-M3\GNU\lib_mem_a.s(4): error: A1167E: Invalid line start 
..\..\..\..\..\uC-LIB\Ports\ARM-Cortex-M3\GNU\lib_mem_a.s(5): error: A1167E: Invalid line start 
..\..\..\..\..\uC-LIB\Ports\ARM-Cortex-M3\GNU\lib_mem_a.s(6): error: A1167E: Invalid line start 
..\..\..\..\..\uC-LIB\Ports\ARM-Cortex-M3\GNU\lib_mem_a.s(7): error: A1163E: Unknown opcode All , expecting opcode or Macro
..\..\..\..\..\uC-LIB\Ports\ARM-Cortex-M3\GNU\lib_mem_a.s(8): error: A1167E: Invalid line start 
..\..\..\..\..\uC-LIB\Ports\ARM-Cortex-M3\GNU\lib_mem_a.s(9): error: A1163E: Unknown opcode uC/LIB , expecting opcode or Macro
..\..\..\..\..\uC-LIB\Ports\ARM-Cortex-M3\GNU\lib_mem_a.s(10): error: A1163E: Unknown opcode illegal , expecting opcode or Macro
..\..\..\..\..\uC-LIB\Ports\ARM-Cortex-M3\GNU\lib_mem_a.s(11): error: A1163E: Unknown opcode written , expecting opcode or Macro
..\..\..\..\..\uC-LIB\Ports\ARM-Cortex-M3\GNU\lib_mem_a.s(12): error: A1163E: Unknown opcode the , expecting opcode or Macro
..\..\..\..\..\uC-LIB\Ports\ARM-Cortex-M3\GNU\lib_mem_a.s(13): error: A1167E: Invalid line start 
..\..\..\..\..\uC-LIB\Ports\ARM-Cortex-M3\GNU\lib_mem_a.s(14): error: A1163E: Unknown opcode Please , expecting opcode or Macro
..\..\..\..\..\uC-LIB\Ports\ARM-Cortex-M3\GNU\lib_mem_a.s(15): error: A1163E: Unknown opcode software , expecting opcode or Macro
..\..\..\..\..\uC-LIB\Ports\ARM-Cortex-M3\GNU\lib_mem_a.s(16): error: A1167E: Invalid line start 
..\..\..\..\..\uC-LIB\Ports\ARM-Cortex-M3\GNU\lib_mem_a.s(17): error: A1163E: Unknown opcode You , expecting opcode or Macro
..\..\..\..\..\uC-LIB\Ports\ARM-Cortex-M3\GNU\lib_mem_a.s(18): error: A1167E: Invalid line start 
..\..\..\..\..\uC-LIB\Ports\ARM-Cortex-M3\GNU\lib_mem_a.s(21): error: A1167E: Invalid line start 
..\..\..\..\..\uC-LIB\Ports\ARM-Cortex-M3\GNU\lib_mem_a.s(22): error: A1167E: Invalid line start 
..\..\..\..\..\uC-LIB\Ports\ARM-Cortex-M3\GNU\lib_mem_a.s(23): error: A1163E: Unknown opcode STANDARD , expecting opcode or Macro
..\..\..\..\..\uC-LIB\Ports\ARM-Cortex-M3\GNU\lib_mem_a.s(24): error: A1167E: Invalid line start 
..\..\..\..\..\uC-LIB\Ports\ARM-Cortex-M3\GNU\lib_mem_a.s(25): error: A1163E: Unknown opcode ARM-Cortex-M3 , expecting opcode or Macro
..\..\..\..\..\uC-LIB\Ports\ARM-Cortex-M3\GNU\lib_mem_a.s(26): error: A1163E: Unknown opcode GNU , expecting opcode or Macro
..\..\..\..\..\uC-LIB\Ports\ARM-Cortex-M3\GNU\lib_mem_a.s(27): error: A1167E: Invalid line start 
..\..\..\..\..\uC-LIB\Ports\ARM-Cortex-M3\GNU\lib_mem_a.s(28): error: A1163E: Unknown opcode Filename , expecting opcode or Macro
..\..\..\..\..\uC-LIB\Ports\ARM-Cortex-M3\GNU\lib_mem_a.s(29): error: A1163E: Unknown opcode Version , expecting opcode or Macro
..\..\..\..\..\uC-LIB\Ports\ARM-Cortex-M3\GNU\lib_mem_a.s(30): error: A1163E: Unknown opcode Programmer(s) , expecting opcode or Macro
..\..\..\..\..\uC-LIB\Ports\ARM-Cortex-M3\GNU\lib_mem_a.s(31): error: A1163E: Unknown opcode DC , expecting opcode or Macro
..\..\..\..\..\uC-LIB\Ports\ARM-Cortex-M3\GNU\lib_mem_a.s(32): error: A1167E: Invalid line start 
..\..\..\..\..\uC-LIB\Ports\ARM-Cortex-M3\GNU\lib_mem_a.s(33): error: A1163E: Unknown opcode Note(s) , expecting opcode or Macro
..\..\..\..\..\uC-LIB\Ports\ARM-Cortex-M3\GNU\lib_mem_a.s(34): error: A1167E: Invalid line start 
..\..\..\..\..\uC-LIB\Ports\ARM-Cortex-M3\GNU\lib_mem_a.s(35): error: A1167E: Invalid line start 
..\..\..\..\..\uC-LIB\Ports\ARM-Cortex-M3\GNU\lib_mem_a.s(36): error: A1167E: Invalid line start 
..\..\..\..\..\uC-LIB\Ports\ARM-Cortex-M3\GNU\lib_mem_a.s(37): error: A1167E: Invalid line start 
..\..\..\..\..\uC-LIB\Ports\ARM-Cortex-M3\GNU\lib_mem_a.s(38): error: A1167E: Invalid line start 
..\..\..\..\..\uC-LIB\Ports\ARM-Cortex-M3\GNU\lib_mem_a.s(39): error: A1167E: Invalid line start 
..\..\..\..\..\uC-LIB\Ports\ARM-Cortex-M3\GNU\lib_mem_a.s(40): error: A1167E: Invalid line start 
..\..\..\..\..\uC-LIB\Ports\ARM-Cortex-M3\GNU\lib_mem_a.s(41): error: A1163E: Unknown opcode where , expecting opcode or Macro
..\..\..\..\..\uC-LIB\Ports\ARM-Cortex-M3\GNU\lib_mem_a.s(42): error: A1167E: Invalid line start 
..\..\..\..\..\uC-LIB\Ports\ARM-Cortex-M3\GNU\lib_mem_a.s(43): error: A1167E: Invalid line start 
..\..\..\..\..\uC-LIB\Ports\ARM-Cortex-M3\GNU\lib_mem_a.s(44): error: A1167E: Invalid line start 
..\..\..\..\..\uC-LIB\Ports\ARM-Cortex-M3\GNU\lib_mem_a.s(45): error: A1167E: Invalid line start 
..\..\..\..\..\uC-LIB\Ports\ARM-Cortex-M3\GNU\lib_mem_a.s(46): error: A1167E: Invalid line start 
..\..\..\..\..\uC-LIB\Ports\ARM-Cortex-M3\GNU\lib_mem_a.s(47): error: A1167E: Invalid line start 
..\..\..\..\..\uC-LIB\Ports\ARM-Cortex-M3\GNU\lib_mem_a.s(48): error: A1167E: Invalid line start 
..\..\..\..\..\uC-LIB\Ports\ARM-Cortex-M3\GNU\lib_mem_a.s(49): error: A1167E: Invalid line start 
..\..\..\..\..\uC-LIB\Ports\ARM-Cortex-M3\GNU\lib_mem_a.s(52): error: A1167E: Invalid line start 
..\..\..\..\..\uC-LIB\Ports\ARM-Cortex-M3\GNU\lib_mem_a.s(53): error: A1163E: Unknown opcode PUBLIC , expecting opcode or Macro
..\..\..\..\..\uC-LIB\Ports\ARM-Cortex-M3\GNU\lib_mem_a.s(54): error: A1167E: Invalid line start 
compiling os_core.c...
compiling os_flag.c...
compiling os_mbox.c...
compiling os_mem.c...
compiling os_mutex.c...
compiling os_q.c...
compiling os_sem.c...
compiling os_task.c...
compiling os_time.c...
compiling os_tmr.c...
assembling os_cpu_a.asm...
compiling os_cpu_c.c...
compiling os_dbg.c...
compiling stm32f10x_adc.c...
compiling stm32f10x_bkp.c...
compiling stm32f10x_can.c...
compiling stm32f10x_crc.c...
compiling stm32f10x_dac.c...
compiling stm32f10x_dbgmcu.c...
compiling stm32f10x_dma.c...
compiling stm32f10x_exti.c...
compiling stm32f10x_flash.c...
compiling stm32f10x_fsmc.c...
compiling stm32f10x_gpio.c...
compiling stm32f10x_i2c.c...
compiling stm32f10x_iwdg.c...
compiling stm32f10x_lib.c...
compiling stm32f10x_rcc.c...
compiling stm32f10x_rtc.c...
compiling stm32f10x_sdio.c...
compiling stm32f10x_spi.c...
compiling stm32f10x_systick.c...
compiling stm32f10x_tim.c...
compiling stm32f10x_usart.c...
compiling stm32f10x_wwdg.c...
Target not created
Build target 'FLASH'
assembling lib_mem_a.asm...
linking...
Program Size: Code=34928 RO-data=1164 RW-data=132 ZI-data=38476  
".\Output\OS.axf" - 0 Error(s), 0 Warning(s).
Clean started: Project: 'uCOS-II'
   deleting intermediate output files for target 'FLASH'
Clean started: Project: 'uCOS-II'
   deleting intermediate output files for target 'FLASH'
Build target 'FLASH'
compiling app.c...
compiling app_hooks.c...
compiling bsp.c...
compiling bsp_i2c.c...
compiling bsp_int.c...
compiling bsp_periph.c...
compiling bsp_ser.c...
compiling bsp_stlm75.c...
compiling bsp_os.c...
assembling cstartup.s...
compiling cpu_core.c...
assembling cpu_a.asm...
compiling cpu_c.c...
compiling lib_ascii.c...
compiling lib_math.c...
compiling lib_mem.c...
compiling lib_str.c...
assembling lib_mem_a.asm...
compiling os_core.c...
compiling os_flag.c...
compiling os_mbox.c...
compiling os_mem.c...
compiling os_mutex.c...
compiling os_q.c...
compiling os_sem.c...
compiling os_task.c...
compiling os_time.c...
compiling os_tmr.c...
assembling os_cpu_a.asm...
compiling os_cpu_c.c...
compiling os_dbg.c...
compiling stm32f10x_adc.c...
compiling stm32f10x_bkp.c...
compiling stm32f10x_can.c...
compiling stm32f10x_crc.c...
compiling stm32f10x_dac.c...
compiling stm32f10x_dbgmcu.c...
compiling stm32f10x_dma.c...
compiling stm32f10x_exti.c...
compiling stm32f10x_flash.c...
compiling stm32f10x_fsmc.c...
compiling stm32f10x_gpio.c...
compiling stm32f10x_i2c.c...
compiling stm32f10x_iwdg.c...
compiling stm32f10x_lib.c...
compiling stm32f10x_rcc.c...
compiling stm32f10x_rtc.c...
compiling stm32f10x_sdio.c...
compiling stm32f10x_spi.c...
compiling stm32f10x_systick.c...
compiling stm32f10x_tim.c...
compiling stm32f10x_usart.c...
compiling stm32f10x_wwdg.c...
linking...
Program Size: Code=34928 RO-data=1164 RW-data=132 ZI-data=38476  
".\Output\OS.axf" - 0 Error(s), 0 Warning(s).
Clean started: Project: 'uCOS-II'
   deleting intermediate output files for target 'FLASH'
Clean started: Project: 'uCOS-II'
   deleting intermediate output files for target 'FLASH'
